Microchip MPLAB XC8 Compiler V2.05 ()

Linker command line:

-W-3 --edf=C:\Program Files (x86)\Microchip\xc8\v2.05\pic\dat\en_msgs.txt \
  -cs -h+dist/newConfig/production\mainCode.X.production.sym \
  --cmf=dist/newConfig/production\mainCode.X.production.cmf -z -Q18F4620 \
  -oC:\Users\DEVANS~1\AppData\Local\Temp\s65k.2 --defsym=__MPLAB_BUILD=1 \
  -Mdist/newConfig/production/mainCode.X.production.map -E1 -ver=XC8 \
  --acfsm=1493 -ASTACK=014Bh-0F7Fh -pstack=STACK -ACODE=00h-0FFFFh \
  -ACONST=00h-0FFFFh -ASMALLCONST=01000h-010FFhx240 \
  -AMEDIUMCONST=01000h-0FFFFh -ACOMRAM=01h-07Fh -AABS1=00h-0F7Fh \
  -ABIGRAM=01h-0F7Fh -ARAM=080h-0FFh,0100h-01FFhx14,0F00h-0F7Fh \
  -ABANK0=080h-0FFh -ABANK1=0100h-01FFh -ABANK2=0200h-02FFh \
  -ABANK3=0300h-03FFh -ABANK4=0400h-04FFh -ABANK5=0500h-05FFh \
  -ABANK6=0600h-06FFh -ABANK7=0700h-07FFh -ABANK8=0800h-08FFh \
  -ABANK9=0900h-09FFh -ABANK10=0A00h-0AFFh -ABANK11=0B00h-0BFFh \
  -ABANK12=0C00h-0CFFh -ABANK13=0D00h-0DFFh -ABANK14=0E00h-0EFFh \
  -ABANK15=0F00h-0F7Fh -ASFR=0F80h-0FFFh \
  -preset_vec=00h,intcode=08h,intcodelo,powerup,init -pramtop=01000h \
  -psmallconst=SMALLCONST -pmediumconst=MEDIUMCONST -pconst=CONST \
  -AFARRAM=00h-00h -ACONFIG=0300000h-030000Dh -pconfig=CONFIG \
  -AIDLOC=0200000h-0200007h -pidloc=IDLOC -AEEDATA=0F00000h-0F003FFh \
  -peeprom_data=EEDATA \
  -prdata=COMRAM,nvrram=COMRAM,nvbit=COMRAM,rbss=COMRAM,rbit=COMRAM \
  -pfarbss=FARRAM,fardata=FARRAM,nvFARRAM=FARRAM \
  -pintsave_regs=BIGRAM,bigbss=BIGRAM,bigdata=BIGRAM -pbss=RAM \
  -pidata=CODE,irdata=CODE,ibigdata=CODE,ifardata=CODE -prparam=COMRAM \
  C:\Users\DEVANS~1\AppData\Local\Temp\s65k.o \
  dist/newConfig/production\mainCode.X.production.o 

Object code version is 3.11

Machine type is 18F4620

Call graph: (short form)




                Name                               Link     Load   Length Selector   Space Scale
C:\Users\DEVANS~1\AppData\Local\Temp\s65k.o
                init                                  E        E        4        4       0
                reset_vec                             0        0        4        0       0
                idloc                            200000   200000        8   200000       0
                config                           300000   300000        E   300000       0
dist/newConfig/production\mainCode.X.production.o
                intcode                               8        8        6        4       0
                temp                                 7F       7F        1        1       1
                mediumconst                        FC4E     FC4E      3B2     7E27       0
                intcode_body                       3574     3574       20        4       0
                text64                             2E44     2E44       82        4       0
                text63                             30E4     30E4       5C        4       0
                text62                             34B4     34B4       2A        4       0
                text61                             3594     3594       16        4       0
                text60                             35D0     35D0       12        4       0
                text59                             35FA     35FA        C        4       0
                text58                             352A     352A       26        4       0
                text57                             345A     345A       30        4       0
                text56                             331E     331E       3E        4       0
                text55                             2154     2154      140        4       0
                text54                             1D82     1D82      148        4       0
                text53                             23CC     23CC      124        4       0
                text52                             33C8     33C8       32        4       0
                text51                             35EE     35EE        C        4       0
                text50                             2FA4     2FA4       6C        4       0
                text49                             335C     335C       38        4       0
                text48                             32DA     32DA       44        4       0
                text47                             2CA0     2CA0       9A        4       0
                text46                              FCA      FCA      246        4       0
                text45                             2010     2010      144        4       0
                text44                             29BA     29BA       CE        4       0
                text43                             2B48     2B48       AE        4       0
                text42                             1A6E     1A6E      1B0        4       0
                text41                             3394     3394       34        4       0
                text40                             342A     342A       30        4       0
                text39                             33FA     33FA       30        4       0
                text38                             324A     324A       4A        4       0
                text37                             1440     1440      230        4       0
                text36                              854      854      4B8        4       0
                text35                             31F4     31F4       56        4       0
                text34                             3504     3504       26        4       0
                text33                             35AA     35AA       14        4       0
                text32                             24F0     24F0      112        4       0
                text31                             2812     2812       DA        4       0
                text30                             2DC0     2DC0       84        4       0
                text29                             2EC6     2EC6       70        4       0
                text28                             1210     1210      230        4       0
                text27                             2D3A     2D3A       86        4       0
                text26                             319A     319A       5A        4       0
                text25                             2BF6     2BF6       AA        4       0
                text24                             35BE     35BE       12        4       0
                text23                             3550     3550       24        4       0
                text22                             3630     3630        8        4       0
                text21                             3628     3628        8        4       0
                text20                             3606     3606        A        4       0
                text19                             307A     307A       6A        4       0
                text18                             2A88     2A88       C0        4       0
                text17                             28EC     28EC       CE        4       0
                text16                             1670     1670      22C        4       0
                text15                             3010     3010       6A        4       0
                text14                             2602     2602      110        4       0
                text13                             1C1E     1C1E      164        4       0
                text12                             35E2     35E2        C        4       0
                text11                             3620     3620        8        4       0
                text10                             3618     3618        8        4       0
                text9                              34DE     34DE       26        4       0
                text8                                12       12      842        4       0
                text7                              2712     2712      100        4       0
                text6                              2F36     2F36       6E        4       0
                text5                              3140     3140       5A        4       0
                text4                              189C     189C      1D2        4       0
                text3                              1ECA     1ECA      146        4       0
                text2                              348A     348A       2A        4       0
                text1                              2294     2294      138        4       0
                text0                               D0C      D0C      2BE        4       0
                cstackCOMRAM                          1        1       7E        1       1
                cstackBANK0                          80       80       39       80       1
                bssBANK1                            100      100       4B      100       1
                dataBANK0                            E9       E9        8       80       1
                bssBANK0                             B9       B9       30       80       1
                cinit                              3294     3294       46        4       0
                idataBANK0                         3610     3610        8        4       0

TOTAL           Name                               Link     Load   Length     Space
        CLASS   STACK          

        CLASS   CODE           
                intcode                               8        8        6         0
                init                                  E        E        4         0
                reset_vec                             0        0        4         0
                intcode_body                       3574     3574       20         0
                text64                             2E44     2E44       82         0
                text63                             30E4     30E4       5C         0
                text62                             34B4     34B4       2A         0
                text61                             3594     3594       16         0
                text60                             35D0     35D0       12         0
                text59                             35FA     35FA        C         0
                text58                             352A     352A       26         0
                text57                             345A     345A       30         0
                text56                             331E     331E       3E         0
                text55                             2154     2154      140         0
                text54                             1D82     1D82      148         0
                text53                             23CC     23CC      124         0
                text52                             33C8     33C8       32         0
                text51                             35EE     35EE        C         0
                text50                             2FA4     2FA4       6C         0
                text49                             335C     335C       38         0
                text48                             32DA     32DA       44         0
                text47                             2CA0     2CA0       9A         0
                text46                              FCA      FCA      246         0
                text45                             2010     2010      144         0
                text44                             29BA     29BA       CE         0
                text43                             2B48     2B48       AE         0
                text42                             1A6E     1A6E      1B0         0
                text41                             3394     3394       34         0
                text40                             342A     342A       30         0
                text39                             33FA     33FA       30         0
                text38                             324A     324A       4A         0
                text37                             1440     1440      230         0
                text36                              854      854      4B8         0
                text35                             31F4     31F4       56         0
                text34                             3504     3504       26         0
                text33                             35AA     35AA       14         0
                text32                             24F0     24F0      112         0
                text31                             2812     2812       DA         0
                text30                             2DC0     2DC0       84         0
                text29                             2EC6     2EC6       70         0
                text28                             1210     1210      230         0
                text27                             2D3A     2D3A       86         0
                text26                             319A     319A       5A         0
                text25                             2BF6     2BF6       AA         0
                text24                             35BE     35BE       12         0
                text23                             3550     3550       24         0
                text22                             3630     3630        8         0
                text21                             3628     3628        8         0
                text20                             3606     3606        A         0
                text19                             307A     307A       6A         0
                text18                             2A88     2A88       C0         0
                text17                             28EC     28EC       CE         0
                text16                             1670     1670      22C         0
                text15                             3010     3010       6A         0
                text14                             2602     2602      110         0
                text13                             1C1E     1C1E      164         0
                text12                             35E2     35E2        C         0
                text11                             3620     3620        8         0
                text10                             3618     3618        8         0
                text9                              34DE     34DE       26         0
                text8                                12       12      842         0
                text7                              2712     2712      100         0
                text6                              2F36     2F36       6E         0
                text5                              3140     3140       5A         0
                text4                              189C     189C      1D2         0
                text3                              1ECA     1ECA      146         0
                text2                              348A     348A       2A         0
                text1                              2294     2294      138         0
                text0                               D0C      D0C      2BE         0
                cinit                              3294     3294       46         0
                idataBANK0                         3610     3610        8         0

        CLASS   CONST          

        CLASS   SMALLCONST     

        CLASS   MEDIUMCONST    
                mediumconst                        FC4E     FC4E      3B2         0

        CLASS   COMRAM         
                temp                                 7F       7F        1         1
                cstackCOMRAM                          1        1       7E         1

        CLASS   ABS1           

        CLASS   BIGRAM         

        CLASS   RAM            

        CLASS   BANK0          
                cstackBANK0                          80       80       39         1
                dataBANK0                            E9       E9        8         1
                bssBANK0                             B9       B9       30         1

        CLASS   BANK1          
                bssBANK1                            100      100       4B         1

        CLASS   BANK2          

        CLASS   BANK3          

        CLASS   BANK4          

        CLASS   BANK5          

        CLASS   BANK6          

        CLASS   BANK7          

        CLASS   BANK8          

        CLASS   BANK9          

        CLASS   BANK10         

        CLASS   BANK11         

        CLASS   BANK12         

        CLASS   BANK13         

        CLASS   BANK14         

        CLASS   BANK15         

        CLASS   SFR            

        CLASS   FARRAM         

        CLASS   CONFIG         
                config                           300000   300000        E         0

        CLASS   IDLOC          
                idloc                            200000   200000        8         0

        CLASS   EEDATA         



SEGMENTS        Name                           Load    Length   Top    Selector   Space  Class

                reset_vec                      000000  000004  000004         0       0  CODE    
                cstackCOMRAM                   000001  00007F  000080         1       1  COMRAM  
                intcode                        000008  003630  003638         4       0  CODE    
                cstackBANK0                    000080  000071  0000F1        80       1  BANK0   
                bssBANK1                       000100  00004B  00014B       100       1  BANK1   
                mediumconst                    00FC4E  0003B2  010000      7E27       0  MEDIUMCO
                idloc                          200000  000008  200008    200000       0  IDLOC   
                config                         300000  00000E  30000E    300000       0  CONFIG  


UNUSED ADDRESS RANGES

        Name                Unused          Largest block    Delta
        BANK0            0000F1-0000FF                F
        BANK1            00014B-0001FF               B5
        BANK10           000A00-000AFF              100
        BANK11           000B00-000BFF              100
        BANK12           000C00-000CFF              100
        BANK13           000D00-000DFF              100
        BANK14           000E00-000EFF              100
        BANK15           000F00-000F7F               80
        BANK2            000200-0002FF              100
        BANK3            000300-0003FF              100
        BANK4            000400-0004FF              100
        BANK5            000500-0005FF              100
        BANK6            000600-0006FF              100
        BANK7            000700-0007FF              100
        BANK8            000800-0008FF              100
        BANK9            000900-0009FF              100
        BIGRAM           0000F1-0000FF                F
                         00014B-000F7F              E35
        CODE             000004-000007                4
                         003638-00FC4D             C616
        CONST            000004-000007                4
                         003638-00FC4D             C616
        EEDATA           F00000-F003FF              400
        MEDIUMCONST      003638-00FC4D             C616
        RAM              0000F1-0000FF                F
                         00014B-000F7F              100
        SFR              000F80-000FFF               80
        SMALLCONST       003638-00FC4D              100
        STACK            00014B-000F7F              E35

                                  Symbol Table

?___aodiv                    cstackCOMRAM 000001
?___aomod                    cstackCOMRAM 000001
?___awdiv                    cstackCOMRAM 00000D
?___awmod                    cstackCOMRAM 000007
?___lldiv                    cstackCOMRAM 000001
?___lodiv                    cstackCOMRAM 000001
?___lomod                    cstackCOMRAM 000001
?___wmul                     cstackCOMRAM 000001
?_abs                        cstackCOMRAM 000013
?_atoi                       cstackCOMRAM 000008
?_dtoa                       cstackCOMRAM 000020
?_isalpha                    cstackCOMRAM 000001
?_isdigit                    cstackCOMRAM 000001
?_islower                    cstackCOMRAM 000001
?_isspace                    cstackCOMRAM 000001
?_isupper                    cstackCOMRAM 000001
?_pad                        cstackCOMRAM 000015
?_printf                     cstackCOMRAM 000070
?_stoa                       cstackCOMRAM 00000E
?_strlen                     cstackCOMRAM 000001
?_toupper                    cstackCOMRAM 000007
?_utoa                       cstackCOMRAM 000020
?_vfpfcnvrt                  cstackCOMRAM 000047
?_vfprintf                   cstackCOMRAM 000068
?_xtoa                       cstackCOMRAM 000020
I2C_Master_Init@clockFreq    cstackCOMRAM 00000E
I2C_Master_Read@ackBit       cstackCOMRAM 000002
I2C_Master_Read@receivedByte cstackCOMRAM 000003
I2C_Master_Write@byteToWrite cstackCOMRAM 000002
_ADCON1                      (abs)        000FC1
_EEADR                       (abs)        000FA9
_EECON1bits                  (abs)        000FA6
_EECON2                      (abs)        000FA7
_EEDATA                      (abs)        000FA8
_I2C_Master_Init             text63       0030E4
_I2C_Master_Read             text23       003550
_I2C_Master_Start            text22       003630
_I2C_Master_Stop             text21       003628
_I2C_Master_Wait             text24       0035BE
_I2C_Master_Write            text20       003606
_INT0IE                      (abs)        007F94
_INT0IF                      (abs)        007F91
_INT1IE                      (abs)        007F83
_INT1IF                      (abs)        007F80
_INTCONbits                  (abs)        000FF2
_LATA                        (abs)        000F89
_LATAbits                    (abs)        000F89
_LATB                        (abs)        000F8A
_LATCbits                    (abs)        000F8B
_LATD                        (abs)        000F8C
_LATDbits                    (abs)        000F8C
_LATEbits                    (abs)        000F8D
_LCD_LINE1_ADDR              mediumconst  00FC52
_LCD_SIZE_HORZ               mediumconst  00FC54
_LCD_SIZE_VERT               mediumconst  00FC53
_PORTB                       (abs)        000F81
_PORTBbits                   (abs)        000F81
_PORTCbits                   (abs)        000F82
_PORTEbits                   (abs)        000F84
_SSPADD                      (abs)        000FC8
_SSPBUF                      (abs)        000FC9
_SSPCON1                     (abs)        000FC6
_SSPCON1bits                 (abs)        000FC6
_SSPCON2                     (abs)        000FC5
_SSPCON2bits                 (abs)        000FC5
_SSPSTAT                     (abs)        000FC7
_TRISA                       (abs)        000F92
_TRISB                       (abs)        000F93
_TRISC                       (abs)        000F94
_TRISCbits                   (abs)        000F94
_TRISD                       (abs)        000F95
_TRISE                       (abs)        000F96
__CFG_BOREN$SBORDIS          (abs)        000000
__CFG_BORV$3                 (abs)        000000
__CFG_CCP2MX$PORTC           (abs)        000000
__CFG_CP0$OFF                (abs)        000000
__CFG_CP1$OFF                (abs)        000000
__CFG_CP2$OFF                (abs)        000000
__CFG_CP3$OFF                (abs)        000000
__CFG_CPB$OFF                (abs)        000000
__CFG_CPD$ON                 (abs)        000000
__CFG_EBTR0$OFF              (abs)        000000
__CFG_EBTR1$OFF              (abs)        000000
__CFG_EBTR2$OFF              (abs)        000000
__CFG_EBTR3$OFF              (abs)        000000
__CFG_EBTRB$OFF              (abs)        000000
__CFG_FCMEN$OFF              (abs)        000000
__CFG_IESO$OFF               (abs)        000000
__CFG_LPT1OSC$OFF            (abs)        000000
__CFG_LVP$OFF                (abs)        000000
__CFG_MCLRE$ON               (abs)        000000
__CFG_OSC$HS                 (abs)        000000
__CFG_PBADEN$ON              (abs)        000000
__CFG_PWRT$OFF               (abs)        000000
__CFG_STVREN$ON              (abs)        000000
__CFG_WDT$OFF                (abs)        000000
__CFG_WDTPS$32768            (abs)        000000
__CFG_WRT0$OFF               (abs)        000000
__CFG_WRT1$OFF               (abs)        000000
__CFG_WRT2$OFF               (abs)        000000
__CFG_WRT3$OFF               (abs)        000000
__CFG_WRTB$OFF               (abs)        000000
__CFG_WRTC$OFF               (abs)        000000
__CFG_WRTD$OFF               (abs)        000000
__CFG_XINST$OFF              (abs)        000000
__HRAM                       (abs)        000000
__Habs1                      abs1         000000
__Hbank0                     bank0        000000
__Hbank1                     bank1        000000
__Hbank10                    bank10       000000
__Hbank11                    bank11       000000
__Hbank12                    bank12       000000
__Hbank13                    bank13       000000
__Hbank14                    bank14       000000
__Hbank15                    bank15       000000
__Hbank2                     bank2        000000
__Hbank3                     bank3        000000
__Hbank4                     bank4        000000
__Hbank5                     bank5        000000
__Hbank6                     bank6        000000
__Hbank7                     bank7        000000
__Hbank8                     bank8        000000
__Hbank9                     bank9        000000
__Hbigbss                    bigbss       000000
__Hbigdata                   bigdata      000000
__Hbigram                    bigram       000000
__Hbss                       bss          000000
__HbssBANK0                  bssBANK0     000000
__HbssBANK1                  bssBANK1     000000
__Hcinit                     cinit        000000
__Hclrtext                   clrtext      000000
__Hcomram                    comram       000000
__Hconfig                    config       30000E
__Hconst                     const        000000
__HcstackBANK0               cstackBANK0  000000
__HcstackCOMRAM              cstackCOMRAM 000000
__Hdata                      data         000000
__HdataBANK0                 dataBANK0    000000
__Heeprom_data               eeprom_data  000000
__Hfarbss                    farbss       000000
__Hfardata                   fardata      000000
__Hibigdata                  ibigdata     000000
__Hidata                     idata        000000
__HidataBANK0                idataBANK0   000000
__Hidloc                     idloc        200008
__Hifardata                  ifardata     000000
__Hinit                      init         000012
__Hintcode                   intcode      00000E
__Hintcode_body              intcode_body 000000
__Hintcodelo                 intcodelo    00000E
__Hintentry                  intentry     000000
__Hintret                    intret       000000
__Hintsave_regs              intsave_regs 000000
__Hirdata                    irdata       000000
__Hmediumconst               mediumconst  010000
__HnvFARRAM                  nvFARRAM     000000
__Hnvbit                     nvbit        000000
__Hnvrram                    nvrram       000000
__Hparam                     rparam       000000
__Hpowerup                   powerup      00000E
__Hram                       ram          000000
__Hramtop                    ramtop       001000
__Hrbit                      rbit         000000
__Hrbss                      rbss         000000
__Hrdata                     rdata        000000
__Hreset_vec                 reset_vec    000004
__Hrparam                    rparam       000000
__Hsfr                       sfr          000000
__Hsmallconst                smallconst   000000
__Hspace_0                   (abs)        30000E
__Hspace_1                   (abs)        00014B
__Hspace_2                   (abs)        000000
__Hstack                     stack        000000
__Hstruct                    struct       000000
__Htemp                      temp         000080
__Htext                      text         000000
__Htext0                     text0        000000
__Htext1                     text1        000000
__Htext10                    text10       000000
__Htext11                    text11       000000
__Htext12                    text12       000000
__Htext13                    text13       000000
__Htext14                    text14       000000
__Htext15                    text15       000000
__Htext16                    text16       000000
__Htext17                    text17       000000
__Htext18                    text18       000000
__Htext19                    text19       000000
__Htext2                     text2        000000
__Htext20                    text20       000000
__Htext21                    text21       000000
__Htext22                    text22       000000
__Htext23                    text23       000000
__Htext24                    text24       000000
__Htext25                    text25       000000
__Htext26                    text26       000000
__Htext27                    text27       000000
__Htext28                    text28       000000
__Htext29                    text29       000000
__Htext3                     text3        000000
__Htext30                    text30       000000
__Htext31                    text31       000000
__Htext32                    text32       000000
__Htext33                    text33       000000
__Htext34                    text34       000000
__Htext35                    text35       000000
__Htext36                    text36       000000
__Htext37                    text37       000000
__Htext38                    text38       000000
__Htext39                    text39       000000
__Htext4                     text4        000000
__Htext40                    text40       000000
__Htext41                    text41       000000
__Htext42                    text42       000000
__Htext43                    text43       000000
__Htext44                    text44       000000
__Htext45                    text45       000000
__Htext46                    text46       000000
__Htext47                    text47       000000
__Htext48                    text48       000000
__Htext49                    text49       000000
__Htext5                     text5        000000
__Htext50                    text50       000000
__Htext51                    text51       000000
__Htext52                    text52       000000
__Htext53                    text53       000000
__Htext54                    text54       000000
__Htext55                    text55       000000
__Htext56                    text56       000000
__Htext57                    text57       000000
__Htext58                    text58       000000
__Htext59                    text59       000000
__Htext6                     text6        000000
__Htext60                    text60       000000
__Htext61                    text61       000000
__Htext62                    text62       000000
__Htext63                    text63       000000
__Htext64                    text64       000000
__Htext7                     text7        000000
__Htext8                     text8        000000
__Htext9                     text9        000000
__LRAM                       (abs)        000001
__Labs1                      abs1         000000
__Lbank0                     bank0        000000
__Lbank1                     bank1        000000
__Lbank10                    bank10       000000
__Lbank11                    bank11       000000
__Lbank12                    bank12       000000
__Lbank13                    bank13       000000
__Lbank14                    bank14       000000
__Lbank15                    bank15       000000
__Lbank2                     bank2        000000
__Lbank3                     bank3        000000
__Lbank4                     bank4        000000
__Lbank5                     bank5        000000
__Lbank6                     bank6        000000
__Lbank7                     bank7        000000
__Lbank8                     bank8        000000
__Lbank9                     bank9        000000
__Lbigbss                    bigbss       000000
__Lbigdata                   bigdata      000000
__Lbigram                    bigram       000000
__Lbss                       bss          000000
__LbssBANK0                  bssBANK0     000000
__LbssBANK1                  bssBANK1     000000
__Lcinit                     cinit        000000
__Lclrtext                   clrtext      000000
__Lcomram                    comram       000000
__Lconfig                    config       300000
__Lconst                     const        000000
__LcstackBANK0               cstackBANK0  000000
__LcstackCOMRAM              cstackCOMRAM 000000
__Ldata                      data         000000
__LdataBANK0                 dataBANK0    000000
__Leeprom_data               eeprom_data  000000
__Lfarbss                    farbss       000000
__Lfardata                   fardata      000000
__Libigdata                  ibigdata     000000
__Lidata                     idata        000000
__LidataBANK0                idataBANK0   000000
__Lidloc                     idloc        200000
__Lifardata                  ifardata     000000
__Linit                      init         00000E
__Lintcode                   intcode      000008
__Lintcode_body              intcode_body 000000
__Lintcodelo                 intcodelo    00000E
__Lintentry                  intentry     000000
__Lintret                    intret       000000
__Lintsave_regs              intsave_regs 000000
__Lirdata                    irdata       000000
__Lmediumconst               mediumconst  00FC4E
__LnvFARRAM                  nvFARRAM     000000
__Lnvbit                     nvbit        000000
__Lnvrram                    nvrram       000000
__Lparam                     rparam       000000
__Lpowerup                   powerup      00000E
__Lram                       ram          000000
__Lramtop                    ramtop       001000
__Lrbit                      rbit         000000
__Lrbss                      rbss         000000
__Lrdata                     rdata        000000
__Lreset_vec                 reset_vec    000000
__Lrparam                    rparam       000000
__Lsfr                       sfr          000000
__Lsmallconst                smallconst   000000
__Lspace_0                   (abs)        000000
__Lspace_1                   (abs)        000000
__Lspace_2                   (abs)        000000
__Lstack                     stack        000000
__Lstruct                    struct       000000
__Ltemp                      temp         00007F
__Ltext                      text         000000
__Ltext0                     text0        000000
__Ltext1                     text1        000000
__Ltext10                    text10       000000
__Ltext11                    text11       000000
__Ltext12                    text12       000000
__Ltext13                    text13       000000
__Ltext14                    text14       000000
__Ltext15                    text15       000000
__Ltext16                    text16       000000
__Ltext17                    text17       000000
__Ltext18                    text18       000000
__Ltext19                    text19       000000
__Ltext2                     text2        000000
__Ltext20                    text20       000000
__Ltext21                    text21       000000
__Ltext22                    text22       000000
__Ltext23                    text23       000000
__Ltext24                    text24       000000
__Ltext25                    text25       000000
__Ltext26                    text26       000000
__Ltext27                    text27       000000
__Ltext28                    text28       000000
__Ltext29                    text29       000000
__Ltext3                     text3        000000
__Ltext30                    text30       000000
__Ltext31                    text31       000000
__Ltext32                    text32       000000
__Ltext33                    text33       000000
__Ltext34                    text34       000000
__Ltext35                    text35       000000
__Ltext36                    text36       000000
__Ltext37                    text37       000000
__Ltext38                    text38       000000
__Ltext39                    text39       000000
__Ltext4                     text4        000000
__Ltext40                    text40       000000
__Ltext41                    text41       000000
__Ltext42                    text42       000000
__Ltext43                    text43       000000
__Ltext44                    text44       000000
__Ltext45                    text45       000000
__Ltext46                    text46       000000
__Ltext47                    text47       000000
__Ltext48                    text48       000000
__Ltext49                    text49       000000
__Ltext5                     text5        000000
__Ltext50                    text50       000000
__Ltext51                    text51       000000
__Ltext52                    text52       000000
__Ltext53                    text53       000000
__Ltext54                    text54       000000
__Ltext55                    text55       000000
__Ltext56                    text56       000000
__Ltext57                    text57       000000
__Ltext58                    text58       000000
__Ltext59                    text59       000000
__Ltext6                     text6        000000
__Ltext60                    text60       000000
__Ltext61                    text61       000000
__Ltext62                    text62       000000
__Ltext63                    text63       000000
__Ltext64                    text64       000000
__Ltext7                     text7        000000
__Ltext8                     text8        000000
__Ltext9                     text9        000000
__S0                         (abs)        30000E
__S1                         (abs)        00014B
__S2                         (abs)        000000
___aodiv                     text54       001D82
___aodiv@counter             cstackCOMRAM 000011
___aodiv@dividend            cstackCOMRAM 000001
___aodiv@divisor             cstackCOMRAM 000009
___aodiv@quotient            cstackCOMRAM 000013
___aodiv@sign                cstackCOMRAM 000012
___aomod                     text53       0023CC
___aomod@counter             cstackCOMRAM 000011
___aomod@dividend            cstackCOMRAM 000001
___aomod@divisor             cstackCOMRAM 000009
___aomod@sign                cstackCOMRAM 000012
___awdiv                     text30       002DC0
___awdiv@counter             cstackCOMRAM 000011
___awdiv@dividend            cstackCOMRAM 00000D
___awdiv@divisor             cstackCOMRAM 00000F
___awdiv@quotient            cstackCOMRAM 000013
___awdiv@sign                cstackCOMRAM 000012
___awmod                     text29       002EC6
___awmod@counter             cstackCOMRAM 00000B
___awmod@dividend            cstackCOMRAM 000007
___awmod@divisor             cstackCOMRAM 000009
___awmod@sign                cstackCOMRAM 00000C
___inthi_sp                  stack        000000
___intlo_sp                  stack        000000
___lldiv                     text64       002E44
___lldiv@counter             cstackCOMRAM 00000D
___lldiv@dividend            cstackCOMRAM 000001
___lldiv@divisor             cstackCOMRAM 000005
___lldiv@quotient            cstackCOMRAM 000009
___lodiv                     text44       0029BA
___lodiv@counter             cstackCOMRAM 000019
___lodiv@dividend            cstackCOMRAM 000001
___lodiv@divisor             cstackCOMRAM 000009
___lodiv@quotient            cstackCOMRAM 000011
___lomod                     text43       002B48
___lomod@counter             cstackCOMRAM 000011
___lomod@dividend            cstackCOMRAM 000001
___lomod@divisor             cstackCOMRAM 000009
___param_bank                (abs)        000000
___rparam_used               (abs)        000001
___sp                        stack        000000
___wmul                      text58       00352A
___wmul@multiplicand         cstackCOMRAM 000003
___wmul@multiplier           cstackCOMRAM 000001
___wmul@product              cstackCOMRAM 000005
__accesstop                  (abs)        000080
__activetblptr               (abs)        000002
__end_of_I2C_Master_Init     text63       003140
__end_of_I2C_Master_Read     text23       003574
__end_of_I2C_Master_Start    text22       003638
__end_of_I2C_Master_Stop     text21       003630
__end_of_I2C_Master_Wait     text24       0035D0
__end_of_I2C_Master_Write    text20       003610
__end_of_LCD_LINE1_ADDR      mediumconst  00FC53
__end_of_LCD_LINE2_ADDR      mediumconst  00FC52
__end_of_LCD_LINE3_ADDR      mediumconst  00FC51
__end_of_LCD_LINE4_ADDR      mediumconst  00FC50
__end_of_LCD_SIZE_HORZ       mediumconst  00FC55
__end_of_LCD_SIZE_VERT       mediumconst  00FC54
__end_of___aodiv             text54       001ECA
__end_of___aomod             text53       0024F0
__end_of___awdiv             text30       002E44
__end_of___awmod             text29       002F36
__end_of___lldiv             text64       002EC6
__end_of___lodiv             text44       002A88
__end_of___lomod             text43       002BF6
__end_of___wmul              text58       003550
__end_of__initialization     cinit        0032CC
__end_of_abs                 text52       0033FA
__end_of_atoi                text55       002294
__end_of_deployBoth          text12       0035EE
__end_of_deployLeft          text11       003628
__end_of_deployRight         text10       003620
__end_of_dispLogGen          text32       002602
__end_of_dispLogMain         text31       0028EC
__end_of_dispLogPoleDet      text28       001440
__end_of_dispProcMode        text14       002712
__end_of_dispSMrun           text27       002DC0
__end_of_dispShowLogs        text26       0031F4
__end_of_dispStateTrans      text16       00189C
__end_of_dtoa                text46       001210
__end_of_fixTime             text25       002CA0
__end_of_fputc               text50       003010
__end_of_fputs               text49       003394
__end_of_getTime             text19       0030E4
__end_of_initLCD             text15       00307A
__end_of_interruptHandler    intcode_body 003594
__end_of_isalpha             text41       0033C8
__end_of_isdigit             text57       00348A
__end_of_islower             text39       00342A
__end_of_isspace             text56       00335C
__end_of_isupper             text40       00345A
__end_of_lcdInst             text59       003606
__end_of_main                text0        000FCA
__end_of_pad                 text47       002D3A
__end_of_printf              text34       00352A
__end_of_pulse_e             text62       0034DE
__end_of_putch               text51       0035FA
__end_of_read_EEPROM         text33       0035BE
__end_of_runOp               text8        000854
__end_of_runSM               text7        002812
__end_of_runSMA              text18       002B48
__end_of_runSMB              text17       0029BA
__end_of_runSMs              text13       001D82
__end_of_scrDoneGen          text6        002FA4
__end_of_scrDoneMain         text5        00319A
__end_of_scrDonePoleDet      text4        001A6E
__end_of_send_byte           text60       0035E2
__end_of_send_nibble         text61       0035AA
__end_of_showTime            text3        002010
__end_of_stoa                text45       002154
__end_of_storeLog            text1        0023CC
__end_of_strlen              text48       00331E
__end_of_tireDeploy          text9        003504
__end_of_toupper             text38       003294
__end_of_utoa                text42       001C1E
__end_of_vfpfcnvrt           text36       000D0C
__end_of_vfprintf            text35       00324A
__end_of_write_EEPROM        text2        0034B4
__end_of_xtoa                text37       001670
__initialization             cinit        003294
__mediumconst                mediumconst  00FC4E
__pbssBANK0                  bssBANK0     0000B9
__pbssBANK1                  bssBANK1     000100
__pcinit                     cinit        003294
__pcstackBANK0               cstackBANK0  000080
__pcstackCOMRAM              cstackCOMRAM 000001
__pdataBANK0                 dataBANK0    0000E9
__pidataBANK0                idataBANK0   003610
__pintcode                   intcode      000008
__pintcode_body              intcode_body 003574
__pmediumconst               mediumconst  00FC4E
__ptext0                     text0        000D0C
__ptext1                     text1        002294
__ptext10                    text10       003618
__ptext11                    text11       003620
__ptext12                    text12       0035E2
__ptext13                    text13       001C1E
__ptext14                    text14       002602
__ptext15                    text15       003010
__ptext16                    text16       001670
__ptext17                    text17       0028EC
__ptext18                    text18       002A88
__ptext19                    text19       00307A
__ptext2                     text2        00348A
__ptext20                    text20       003606
__ptext21                    text21       003628
__ptext22                    text22       003630
__ptext23                    text23       003550
__ptext24                    text24       0035BE
__ptext25                    text25       002BF6
__ptext26                    text26       00319A
__ptext27                    text27       002D3A
__ptext28                    text28       001210
__ptext29                    text29       002EC6
__ptext3                     text3        001ECA
__ptext30                    text30       002DC0
__ptext31                    text31       002812
__ptext32                    text32       0024F0
__ptext33                    text33       0035AA
__ptext34                    text34       003504
__ptext35                    text35       0031F4
__ptext36                    text36       000854
__ptext37                    text37       001440
__ptext38                    text38       00324A
__ptext39                    text39       0033FA
__ptext4                     text4        00189C
__ptext40                    text40       00342A
__ptext41                    text41       003394
__ptext42                    text42       001A6E
__ptext43                    text43       002B48
__ptext44                    text44       0029BA
__ptext45                    text45       002010
__ptext46                    text46       000FCA
__ptext47                    text47       002CA0
__ptext48                    text48       0032DA
__ptext49                    text49       00335C
__ptext5                     text5        003140
__ptext50                    text50       002FA4
__ptext51                    text51       0035EE
__ptext52                    text52       0033C8
__ptext53                    text53       0023CC
__ptext54                    text54       001D82
__ptext55                    text55       002154
__ptext56                    text56       00331E
__ptext57                    text57       00345A
__ptext58                    text58       00352A
__ptext59                    text59       0035FA
__ptext6                     text6        002F36
__ptext60                    text60       0035D0
__ptext61                    text61       003594
__ptext62                    text62       0034B4
__ptext63                    text63       0030E4
__ptext64                    text64       002E44
__ptext7                     text7        002712
__ptext8                     text8        000012
__ptext9                     text9        0034DE
__ramtop                     ramtop       001000
__size_of_I2C_Master_Init    (abs)        000000
__size_of_I2C_Master_Read    (abs)        000000
__size_of_I2C_Master_Start   (abs)        000000
__size_of_I2C_Master_Stop    (abs)        000000
__size_of_I2C_Master_Wait    (abs)        000000
__size_of_I2C_Master_Write   (abs)        000000
__size_of___aodiv            (abs)        000000
__size_of___aomod            (abs)        000000
__size_of___awdiv            (abs)        000000
__size_of___awmod            (abs)        000000
__size_of___lldiv            (abs)        000000
__size_of___lodiv            (abs)        000000
__size_of___lomod            (abs)        000000
__size_of___wmul             (abs)        000000
__size_of_abs                (abs)        000000
__size_of_atoi               (abs)        000000
__size_of_deployBoth         (abs)        000000
__size_of_deployLeft         (abs)        000000
__size_of_deployRight        (abs)        000000
__size_of_dispLogGen         (abs)        000000
__size_of_dispLogMain        (abs)        000000
__size_of_dispLogPoleDet     (abs)        000000
__size_of_dispProcMode       (abs)        000000
__size_of_dispSMrun          (abs)        000000
__size_of_dispShowLogs       (abs)        000000
__size_of_dispStateTrans     (abs)        000000
__size_of_dtoa               (abs)        000000
__size_of_fixTime            (abs)        000000
__size_of_fputc              (abs)        000000
__size_of_fputs              (abs)        000000
__size_of_getTime            (abs)        000000
__size_of_initLCD            (abs)        000000
__size_of_interruptHandler   (abs)        000000
__size_of_isalpha            (abs)        000000
__size_of_isdigit            (abs)        000000
__size_of_islower            (abs)        000000
__size_of_isspace            (abs)        000000
__size_of_isupper            (abs)        000000
__size_of_lcdInst            (abs)        000000
__size_of_main               (abs)        000000
__size_of_pad                (abs)        000000
__size_of_printf             (abs)        000000
__size_of_pulse_e            (abs)        000000
__size_of_putch              (abs)        000000
__size_of_read_EEPROM        (abs)        000000
__size_of_runOp              (abs)        000000
__size_of_runSM              (abs)        000000
__size_of_runSMA             (abs)        000000
__size_of_runSMB             (abs)        000000
__size_of_runSMs             (abs)        000000
__size_of_scrDoneGen         (abs)        000000
__size_of_scrDoneMain        (abs)        000000
__size_of_scrDonePoleDet     (abs)        000000
__size_of_send_byte          (abs)        000000
__size_of_send_nibble        (abs)        000000
__size_of_showTime           (abs)        000000
__size_of_stoa               (abs)        000000
__size_of_storeLog           (abs)        000000
__size_of_strlen             (abs)        000000
__size_of_tireDeploy         (abs)        000000
__size_of_toupper            (abs)        000000
__size_of_utoa               (abs)        000000
__size_of_vfpfcnvrt          (abs)        000000
__size_of_vfprintf           (abs)        000000
__size_of_write_EEPROM       (abs)        000000
__size_of_xtoa               (abs)        000000
__smallconst                 smallconst   000000
_abs                         text52       0033C8
_atoi                        text55       002154
_atoi$1982                   cstackCOMRAM 000010
_atoi$1983                   cstackCOMRAM 000014
_atoi$1984                   cstackCOMRAM 000012
_currPole                    bssBANK0     0000C2
_dbuf                        bssBANK0     0000C3
_deployBoth                  text12       0035E2
_deployLeft                  text11       003620
_deployRight                 text10       003618
_dispLogGen                  text32       0024F0
_dispLogMain                 text31       002812
_dispLogPoleDet              text28       001210
_dispProcMode                text14       002602
_dispSMrun                   text27       002D3A
_dispSMrun$976               cstackBANK0  000081
_dispShowLogs                text26       00319A
_dispStateTrans              text16       001670
_dtoa                        text46       000FCA
_dtoa$1478                   cstackCOMRAM 000032
_fixTime                     text25       002BF6
_flags                       bssBANK0     0000BF
_fputc                       text50       002FA4
_fputs                       text49       00335C
_getTime                     text19       00307A
_initLCD                     text15       003010
_int0Pressed                 bssBANK0     0000E7
_int1Pressed                 bssBANK0     0000E8
_interruptHandler            intcode      000008
_isalpha                     text41       003394
_isdigit                     text57       00345A
_islower                     text39       0033FA
_isspace                     text56       00331E
_isspace$2009                cstackCOMRAM 000007
_isupper                     text40       00342A
_lastStored                  dataBANK0    0000F0
_lcdInst                     text59       0035FA
_logToShow                   bssBANK0     0000E3
_main                        text0        000D0C
_nout                        bssBANK0     0000B9
_pad                         text47       002CA0
_poleCount                   bssBANK0     0000E4
_poleInfoArr                 bssBANK1     000100
_prec                        bssBANK0     0000BD
_printf                      text34       003504
_pulse_e                     text62       0034B4
_putch                       text51       0035EE
_read_EEPROM                 text33       0035AA
_runOp                       text8        000012
_runSM                       text7        002712
_runSMA                      text18       002A88
_runSMB                      text17       0028EC
_runSMs                      text13       001C1E
_scrDoneGen                  text6        002F36
_scrDoneMain                 text5        003140
_scrDonePoleDet              text4        00189C
_scrDonePoleDet$2355         cstackBANK0  000088
_scrDonePoleDet$2356         cstackBANK0  000084
_scrDonePoleDet$2357         cstackBANK0  000086
_send_byte                   text60       0035D0
_send_nibble                 text61       003594
_showTime                    text3        001ECA
_stoa                        text45       002010
_storeLog                    text1        002294
_strlen                      text48       0032DA
_tick                        bssBANK0     0000C1
_tireDeploy                  text9        0034DE
_tiresSupp                   bssBANK0     0000E5
_totalTime                   bssBANK0     0000E6
_toupper                     text38       00324A
_toupper$2073                cstackCOMRAM 00000D
_utoa                        text42       001A6E
_vfpfcnvrt                   text36       000854
_vfpfcnvrt$1522              cstackCOMRAM 00005D
_vfprintf                    text35       0031F4
_width                       bssBANK0     0000BB
_write_EEPROM                text2        00348A
_xtoa                        text37       001440
_xtoa$1507                   cstackCOMRAM 000033
_xtoa$1508                   cstackCOMRAM 000035
abs@a                        cstackCOMRAM 000013
atoi@n                       cstackCOMRAM 000015
atoi@neg                     cstackCOMRAM 00000E
atoi@s                       cstackCOMRAM 000008
btemp                        temp         00007F
dispLogGen@log               cstackCOMRAM 00007D
dispLogMain@log              cstackCOMRAM 00007D
dispLogPoleDet@currPole      cstackCOMRAM 00007C
dispLogPoleDet@log           cstackBANK0  000088
dispLogPoleDet@pos           cstackBANK0  000086
dispProcMode@mode            cstackCOMRAM 00007D
dispSMrun@direc              cstackBANK0  000080
dispSMrun@motorPos           cstackCOMRAM 00007C
dispStateTrans@dispMode      cstackCOMRAM 000007
dispStateTrans@keypress      cstackCOMRAM 000012
dispStateTrans@lastWritten   cstackCOMRAM 000010
dispStateTrans@pLogToShow    cstackCOMRAM 00000E
dispStateTrans@pStepDir1     cstackCOMRAM 00000A
dispStateTrans@pStepDir2     cstackCOMRAM 00000C
dispStateTrans@startTime     cstackCOMRAM 000008
dtoa@d                       cstackCOMRAM 000022
dtoa@fp                      cstackCOMRAM 000020
dtoa@i                       cstackCOMRAM 000042
dtoa@n                       cstackCOMRAM 00003A
dtoa@p                       cstackCOMRAM 000034
dtoa@s                       cstackCOMRAM 000038
dtoa@w                       cstackCOMRAM 000036
end_of_initialization        cinit        0032CC
fixTime@Time                 cstackCOMRAM 000001
fputc@c                      cstackCOMRAM 000005
fputc@fp                     cstackCOMRAM 000007
fputs@c                      cstackCOMRAM 000012
fputs@fp                     cstackCOMRAM 000010
fputs@i                      cstackCOMRAM 000013
fputs@s                      cstackCOMRAM 00000E
getTime@i                    cstackCOMRAM 000006
getTime@pTime                cstackCOMRAM 000004
int$flags                    temp         00007F
int_func                     intcode_body 003574
intlevel0                    text         000000
intlevel1                    text         000000
intlevel2                    text         000000
intlevel3                    text         000000
isalpha@c                    cstackCOMRAM 000001
isdigit@c                    cstackCOMRAM 000001
islower@c                    cstackCOMRAM 000001
isspace@c                    cstackCOMRAM 000001
isupper@c                    cstackCOMRAM 000001
lcdInst@data                 cstackCOMRAM 000004
main@SMposition              cstackBANK0  0000B5
main@direction1              cstackBANK0  0000B7
main@direction2              cstackBANK0  0000B4
main@dispMode                cstackBANK0  0000B8
main@startTimeInt            cstackBANK0  0000B1
main@time                    cstackBANK0  0000AA
pad@buf                      cstackCOMRAM 000017
pad@fp                       cstackCOMRAM 000015
pad@i                        cstackCOMRAM 00001C
pad@p                        cstackCOMRAM 000019
pad@w                        cstackCOMRAM 00001E
printf@ap                    cstackCOMRAM 00007A
printf@fmt                   cstackCOMRAM 000070
pulse_e@interruptState       cstackCOMRAM 000001
putch@data                   cstackCOMRAM 000004
read_EEPROM@address          cstackCOMRAM 000001
runOp@distPoleDet            cstackBANK0  000095
runOp@distSinceBase          cstackBANK0  000096
runOp@endTime                cstackBANK0  000099
runOp@found                  cstackBANK0  000098
runOp@i                      cstackBANK0  000093
runOp@infoArr                cstackBANK0  000086
runOp@oldPosSig              cstackBANK0  00009C
runOp@oldPosSig_1381         cstackBANK0  00009D
runOp@oldPosSig_1391         cstackBANK0  00009E
runOp@oldPosSig_1403         cstackBANK0  00009F
runOp@oldPosSig_1404         cstackBANK0  0000A0
runOp@opTime                 cstackBANK0  00008A
runOp@origDetLoc             cstackBANK0  000092
runOp@pInt0P                 cstackBANK0  000088
runOp@pNumPoles              cstackBANK0  000084
runOp@pTotalSupplied         cstackBANK0  000082
runOp@pos                    cstackBANK0  0000A2
runOp@posTurns               cstackBANK0  0000A3
runOp@procMode               cstackBANK0  0000A4
runOp@temp                   cstackBANK0  000097
runOp@time                   cstackBANK0  000080
runOp@tireVar                cstackBANK0  0000A1
runSM@direction              cstackCOMRAM 000005
runSM@hundreds               cstackCOMRAM 000006
runSM@int1Pressed            cstackCOMRAM 000003
runSM@pSMposition            cstackCOMRAM 000001
runSM@ticksA                 cstackCOMRAM 000007
runSMA@ctr                   cstackCOMRAM 000002
runSMA@dirA                  cstackCOMRAM 000001
runSMA@subCtr                cstackCOMRAM 000003
runSMA@ticksA                cstackCOMRAM 000004
runSMB@ctr                   cstackCOMRAM 000002
runSMB@dirB                  cstackCOMRAM 000001
runSMB@subCtr                cstackCOMRAM 000004
runSMB@ticksB                cstackCOMRAM 000005
runSMs@ctr                   cstackCOMRAM 000003
runSMs@dirA                  cstackCOMRAM 000002
runSMs@dirB                  cstackCOMRAM 000001
runSMs@subCtr                cstackCOMRAM 000005
runSMs@ticksA                cstackCOMRAM 000006
runSMs@ticksB                cstackCOMRAM 000007
scrDoneGen@poles             cstackBANK0  000083
scrDoneGen@time              cstackBANK0  000080
scrDoneGen@tireCount         cstackBANK0  000082
scrDonePoleDet@currPole      cstackBANK0  000082
scrDonePoleDet@poleData      cstackBANK0  000080
send_byte@data               cstackCOMRAM 000003
send_nibble@data             cstackCOMRAM 000002
showTime@i                   cstackCOMRAM 00007E
showTime@pTime               cstackCOMRAM 00007C
stackhi                      (abs)        000F7F
stacklo                      (abs)        00014B
start                        init         00000E
start_initialization         cinit        003294
stoa@F1139                   dataBANK0    0000E9
stoa@cp                      cstackCOMRAM 00001E
stoa@fp                      cstackCOMRAM 00000E
stoa@i                       cstackCOMRAM 00001A
stoa@l                       cstackCOMRAM 000022
stoa@nuls                    cstackCOMRAM 000013
stoa@p                       cstackCOMRAM 000020
stoa@s                       cstackCOMRAM 000010
stoa@w                       cstackCOMRAM 00001C
storeLog@currAdr             cstackCOMRAM 000010
storeLog@currLog             cstackCOMRAM 00000E
storeLog@i                   cstackCOMRAM 00000F
storeLog@infoArr             cstackCOMRAM 000005
storeLog@numPoles            cstackCOMRAM 000003
storeLog@pLastLog            cstackCOMRAM 000007
storeLog@time                cstackCOMRAM 00000D
storeLog@tiresDep            cstackCOMRAM 000004
strlen@a                     cstackCOMRAM 000003
strlen@s                     cstackCOMRAM 000001
tireDeploy@amount            cstackCOMRAM 000009
tireDeploy@firstTank         cstackCOMRAM 000008
toupper@c                    cstackCOMRAM 000007
ttemp5                       temp         000080
ttemp6                       temp         000083
ttemp7                       temp         000087
utoa@d                       cstackCOMRAM 000022
utoa@fp                      cstackCOMRAM 000020
utoa@i                       cstackCOMRAM 00003E
utoa@n                       cstackCOMRAM 000036
utoa@p                       cstackCOMRAM 000032
utoa@w                       cstackCOMRAM 000034
vfpfcnvrt@ap                 cstackCOMRAM 00004B
vfpfcnvrt@c                  cstackCOMRAM 00005F
vfpfcnvrt@cp                 cstackCOMRAM 000059
vfpfcnvrt@done               cstackCOMRAM 00005B
vfpfcnvrt@fmt                cstackCOMRAM 000049
vfpfcnvrt@fp                 cstackCOMRAM 000047
vfpfcnvrt@ll                 cstackCOMRAM 000051
vfpfcnvrt@llu                cstackCOMRAM 000060
vfprintf@ap                  cstackCOMRAM 00006C
vfprintf@cfmt                cstackCOMRAM 00006E
vfprintf@fmt                 cstackCOMRAM 00006A
vfprintf@fp                  cstackCOMRAM 000068
write_EEPROM@address         cstackCOMRAM 000002
write_EEPROM@data            cstackCOMRAM 000001
wtemp8                       temp         000080
xtoa@c                       cstackCOMRAM 000045
xtoa@d                       cstackCOMRAM 000022
xtoa@fp                      cstackCOMRAM 000020
xtoa@i                       cstackCOMRAM 000043
xtoa@n                       cstackCOMRAM 00003B
xtoa@p                       cstackCOMRAM 000037
xtoa@w                       cstackCOMRAM 000039
xtoa@x                       cstackCOMRAM 00002A


FUNCTION INFORMATION:

 *************** function _main *****************
 Defined at:
		line 26 in file "main.c"
 Parameters:    Size  Location     Type
		None
 Auto vars:     Size  Location     Type
  time            7   42[BANK0 ] unsigned char [7]
  startTimeInt    3   49[BANK0 ] unsigned char [3]
  SMposition      2   53[BANK0 ] unsigned int 
  dispMode        1   56[BANK0 ] unsigned char 
  direction1      1   55[BANK0 ] unsigned char 
  direction2      1   52[BANK0 ] unsigned char 
 Return value:  Size  Location     Type
                  1    wreg      void 
 Registers used:
		wreg, fsr1l, fsr1h, fsr2l, fsr2h, status,2, status,0, tblptrl, tblptrh, tblptru, prodl, prodh, cstack
 Tracked objects:
		On entry : 
		On exit  : 
		Unchanged: 
 Data sizes:     COMRAM   BANK0   BANK1   BANK2   BANK3   BANK4   BANK5   BANK6   BANK7   BANK8   BANK9  BANK10  BANK11  BANK12  BANK13  BANK14  BANK15
      Params:         0       0       0       0       0       0       0       0       0       0       0       0       0       0       0       0       0
      Locals:         0      15       0       0       0       0       0       0       0       0       0       0       0       0       0       0       0
      Temps:          0       5       0       0       0       0       0       0       0       0       0       0       0       0       0       0       0
      Totals:         0      20       0       0       0       0       0       0       0       0       0       0       0       0       0       0       0
Total ram usage:       20 bytes
 Hardware stack levels required when called:   14
 This function calls:
		_I2C_Master_Init
		_dispLogGen
		_dispLogMain
		_dispLogPoleDet
		_dispSMrun
		_dispShowLogs
		_dispStateTrans
		_initLCD
		_read_EEPROM
		_runOp
		_runSM
		_scrDoneGen
		_scrDoneMain
		_scrDonePoleDet
		_showTime
		_storeLog
 This function is called by:
		Startup code after reset
 This function uses a non-reentrant model


 *************** function _storeLog *****************
 Defined at:
		line 563 in file "helpers.c"
 Parameters:    Size  Location     Type
  time            1    wreg     unsigned char 
  numPoles        1    2[COMRAM] unsigned char 
  tiresDep        1    3[COMRAM] unsigned char 
  infoArr         2    4[COMRAM] PTR struct poleInfo
		 -> poleInfoArr(75), 
  pLastLog        2    6[COMRAM] PTR unsigned char 
		 -> lastStored(1), 
 Auto vars:     Size  Location     Type
  time            1   12[COMRAM] unsigned char 
  currAdr         1   15[COMRAM] unsigned char 
  i               1   14[COMRAM] unsigned char 
  currLog         1   13[COMRAM] unsigned char 
 Return value:  Size  Location     Type
                  1    wreg      void 
 Registers used:
		wreg, fsr2l, fsr2h, status,2, status,0, prodl, prodh, cstack
 Tracked objects:
		On entry : 
		On exit  : 
		Unchanged: 
 Data sizes:     COMRAM   BANK0   BANK1   BANK2   BANK3   BANK4   BANK5   BANK6   BANK7   BANK8   BANK9  BANK10  BANK11  BANK12  BANK13  BANK14  BANK15
      Params:         6       0       0       0       0       0       0       0       0       0       0       0       0       0       0       0       0
      Locals:         4       0       0       0       0       0       0       0       0       0       0       0       0       0       0       0       0
      Temps:          4       0       0       0       0       0       0       0       0       0       0       0       0       0       0       0       0
      Totals:        14       0       0       0       0       0       0       0       0       0       0       0       0       0       0       0       0
Total ram usage:       14 bytes
 Hardware stack levels used:    1
 Hardware stack levels required when called:    2
 This function calls:
		_write_EEPROM
 This function is called by:
		_main
 This function uses a non-reentrant model


 *************** function _write_EEPROM *****************
 Defined at:
		line 531 in file "helpers.c"
 Parameters:    Size  Location     Type
  address         1    wreg     unsigned char 
  data            1    0[COMRAM] unsigned char 
 Auto vars:     Size  Location     Type
  address         1    1[COMRAM] unsigned char 
 Return value:  Size  Location     Type
                  1    wreg      void 
 Registers used:
		wreg, status,2
 Tracked objects:
		On entry : 
		On exit  : 
		Unchanged: 
 Data sizes:     COMRAM   BANK0   BANK1   BANK2   BANK3   BANK4   BANK5   BANK6   BANK7   BANK8   BANK9  BANK10  BANK11  BANK12  BANK13  BANK14  BANK15
      Params:         1       0       0       0       0       0       0       0       0       0       0       0       0       0       0       0       0
      Locals:         1       0       0       0       0       0       0       0       0       0       0       0       0       0       0       0       0
      Temps:          0       0       0       0       0       0       0       0       0       0       0       0       0       0       0       0       0
      Totals:         2       0       0       0       0       0       0       0       0       0       0       0       0       0       0       0       0
Total ram usage:        2 bytes
 Hardware stack levels used:    1
 Hardware stack levels required when called:    1
 This function calls:
		Nothing
 This function is called by:
		_storeLog
 This function uses a non-reentrant model


 *************** function _showTime *****************
 Defined at:
		line 3 in file "lcdCode.c"
 Parameters:    Size  Location     Type
  pTime           2  123[COMRAM] PTR unsigned char 
		 -> main@time(7), 
 Auto vars:     Size  Location     Type
  i               1  125[COMRAM] unsigned char 
 Return value:  Size  Location     Type
                  1    wreg      void 
 Registers used:
		wreg, fsr1l, fsr1h, fsr2l, fsr2h, status,2, status,0, tblptrl, tblptrh, tblptru, prodl, prodh, cstack
 Tracked objects:
		On entry : 
		On exit  : 
		Unchanged: 
 Data sizes:     COMRAM   BANK0   BANK1   BANK2   BANK3   BANK4   BANK5   BANK6   BANK7   BANK8   BANK9  BANK10  BANK11  BANK12  BANK13  BANK14  BANK15
      Params:         2       0       0       0       0       0       0       0       0       0       0       0       0       0       0       0       0
      Locals:         1       0       0       0       0       0       0       0       0       0       0       0       0       0       0       0       0
      Temps:          0       3       0       0       0       0       0       0       0       0       0       0       0       0       0       0       0
      Totals:         3       3       0       0       0       0       0       0       0       0       0       0       0       0       0       0       0
Total ram usage:        6 bytes
 Hardware stack levels used:    1
 Hardware stack levels required when called:   12
 This function calls:
		_I2C_Master_Read
		_I2C_Master_Start
		_I2C_Master_Stop
		_I2C_Master_Write
		_lcdInst
		_printf
 This function is called by:
		_main
 This function uses a non-reentrant model


 *************** function _scrDonePoleDet *****************
 Defined at:
		line 56 in file "lcdCode.c"
 Parameters:    Size  Location     Type
  poleData        2    0[BANK0 ] PTR struct poleInfo
		 -> poleInfoArr(75), 
  currPole        2    2[BANK0 ] int 
 Auto vars:     Size  Location     Type
		None
 Return value:  Size  Location     Type
                  1    wreg      void 
 Registers used:
		wreg, fsr1l, fsr1h, fsr2l, fsr2h, status,2, status,0, tblptrl, tblptrh, tblptru, prodl, prodh, cstack
 Tracked objects:
		On entry : 
		On exit  : 
		Unchanged: 
 Data sizes:     COMRAM   BANK0   BANK1   BANK2   BANK3   BANK4   BANK5   BANK6   BANK7   BANK8   BANK9  BANK10  BANK11  BANK12  BANK13  BANK14  BANK15
      Params:         0       4       0       0       0       0       0       0       0       0       0       0       0       0       0       0       0
      Locals:         0       6       0       0       0       0       0       0       0       0       0       0       0       0       0       0       0
      Temps:          3       0       0       0       0       0       0       0       0       0       0       0       0       0       0       0       0
      Totals:         3      10       0       0       0       0       0       0       0       0       0       0       0       0       0       0       0
Total ram usage:       13 bytes
 Hardware stack levels used:    1
 Hardware stack levels required when called:   12
 This function calls:
		___awdiv
		___awmod
		___wmul
		_lcdInst
		_printf
 This function is called by:
		_main
 This function uses a non-reentrant model


 *************** function _scrDoneMain *****************
 Defined at:
		line 32 in file "lcdCode.c"
 Parameters:    Size  Location     Type
		None
 Auto vars:     Size  Location     Type
		None
 Return value:  Size  Location     Type
                  1    wreg      void 
 Registers used:
		wreg, fsr1l, fsr1h, fsr2l, fsr2h, status,2, status,0, tblptrl, tblptrh, tblptru, prodl, prodh, cstack
 Tracked objects:
		On entry : 
		On exit  : 
		Unchanged: 
 Data sizes:     COMRAM   BANK0   BANK1   BANK2   BANK3   BANK4   BANK5   BANK6   BANK7   BANK8   BANK9  BANK10  BANK11  BANK12  BANK13  BANK14  BANK15
      Params:         0       0       0       0       0       0       0       0       0       0       0       0       0       0       0       0       0
      Locals:         0       0       0       0       0       0       0       0       0       0       0       0       0       0       0       0       0
      Temps:          1       0       0       0       0       0       0       0       0       0       0       0       0       0       0       0       0
      Totals:         1       0       0       0       0       0       0       0       0       0       0       0       0       0       0       0       0
Total ram usage:        1 bytes
 Hardware stack levels used:    1
 Hardware stack levels required when called:   12
 This function calls:
		_lcdInst
		_printf
 This function is called by:
		_main
 This function uses a non-reentrant model


 *************** function _scrDoneGen *****************
 Defined at:
		line 43 in file "lcdCode.c"
 Parameters:    Size  Location     Type
  time            2    0[BANK0 ] unsigned int 
  tireCount       1    2[BANK0 ] unsigned char 
  poles           1    3[BANK0 ] unsigned char 
 Auto vars:     Size  Location     Type
		None
 Return value:  Size  Location     Type
                  1    wreg      void 
 Registers used:
		wreg, fsr1l, fsr1h, fsr2l, fsr2h, status,2, status,0, tblptrl, tblptrh, tblptru, prodl, prodh, cstack
 Tracked objects:
		On entry : 
		On exit  : 
		Unchanged: 
 Data sizes:     COMRAM   BANK0   BANK1   BANK2   BANK3   BANK4   BANK5   BANK6   BANK7   BANK8   BANK9  BANK10  BANK11  BANK12  BANK13  BANK14  BANK15
      Params:         0       4       0       0       0       0       0       0       0       0       0       0       0       0       0       0       0
      Locals:         0       0       0       0       0       0       0       0       0       0       0       0       0       0       0       0       0
      Temps:          1       0       0       0       0       0       0       0       0       0       0       0       0       0       0       0       0
      Totals:         1       4       0       0       0       0       0       0       0       0       0       0       0       0       0       0       0
Total ram usage:        5 bytes
 Hardware stack levels used:    1
 Hardware stack levels required when called:   12
 This function calls:
		_lcdInst
		_printf
 This function is called by:
		_main
 This function uses a non-reentrant model


 *************** function _runSM *****************
 Defined at:
		line 186 in file "helpers.c"
 Parameters:    Size  Location     Type
  direction       1    wreg     unsigned char 
  pSMposition     2    0[COMRAM] PTR unsigned int 
		 -> main@SMposition(2), 
  int1Pressed     2    2[COMRAM] PTR volatile _Bool 
		 -> int1Pressed(1), 
 Auto vars:     Size  Location     Type
  direction       1    4[COMRAM] unsigned char 
  ticksA          1    6[COMRAM] unsigned char 
  hundreds        1    5[COMRAM] unsigned char 
 Return value:  Size  Location     Type
                  1    wreg      void 
 Registers used:
		wreg, fsr2l, fsr2h, status,2, status,0
 Tracked objects:
		On entry : 
		On exit  : 
		Unchanged: 
 Data sizes:     COMRAM   BANK0   BANK1   BANK2   BANK3   BANK4   BANK5   BANK6   BANK7   BANK8   BANK9  BANK10  BANK11  BANK12  BANK13  BANK14  BANK15
      Params:         4       0       0       0       0       0       0       0       0       0       0       0       0       0       0       0       0
      Locals:         3       0       0       0       0       0       0       0       0       0       0       0       0       0       0       0       0
      Temps:          0       0       0       0       0       0       0       0       0       0       0       0       0       0       0       0       0
      Totals:         7       0       0       0       0       0       0       0       0       0       0       0       0       0       0       0       0
Total ram usage:        7 bytes
 Hardware stack levels used:    1
 Hardware stack levels required when called:    1
 This function calls:
		Nothing
 This function is called by:
		_main
 This function uses a non-reentrant model


 *************** function _runOp *****************
 Defined at:
		line 3 in file "operationCode.c"
 Parameters:    Size  Location     Type
  time            2    0[BANK0 ] PTR unsigned char 
		 -> main@startTimeInt(3), 
  pTotalSuppli    2    2[BANK0 ] PTR unsigned char 
		 -> tiresSupp(1), 
  pNumPoles       2    4[BANK0 ] PTR unsigned char 
		 -> poleCount(1), 
  infoArr         2    6[BANK0 ] PTR struct poleInfo
		 -> poleInfoArr(75), 
  pInt0P          2    8[BANK0 ] PTR volatile _Bool 
		 -> int0Pressed(1), 
  opTime          2   10[BANK0 ] PTR unsigned char 
		 -> totalTime(1), 
 Auto vars:     Size  Location     Type
  oldPosSig       1   30[BANK0 ] unsigned char 
  distPoleDet     1   21[BANK0 ] unsigned char 
  endTime         3   25[BANK0 ] unsigned char [3]
  oldPosSig       1   32[BANK0 ] unsigned char 
  oldPosSig       1   31[BANK0 ] unsigned char 
  distSinceBas    1   22[BANK0 ] unsigned char 
  tireVar         1   33[BANK0 ] unsigned char 
  i               2   19[BANK0 ] unsigned int 
  oldPosSig       1   29[BANK0 ] unsigned char 
  found           1   24[BANK0 ] unsigned char 
  temp            1   23[BANK0 ] unsigned char 
  origDetLoc      1   18[BANK0 ] unsigned char 
  oldPosSig       1   28[BANK0 ] unsigned char 
  procMode        1   36[BANK0 ] unsigned char 
  posTurns        1   35[BANK0 ] unsigned char 
  pos             1   34[BANK0 ] unsigned char 
  distBaseDet     1    0        unsigned char 
[...]


 *************** function ___wmul *****************
 Defined at:
		line 15 in file "C:\Program Files (x86)\Microchip\xc8\v2.05\pic\sources\c99\common\Umul16.c"
 Parameters:    Size  Location     Type
  multiplier      2    0[COMRAM] unsigned int 
  multiplicand    2    2[COMRAM] unsigned int 
 Auto vars:     Size  Location     Type
  product         2    4[COMRAM] unsigned int 
 Return value:  Size  Location     Type
                  2    0[COMRAM] unsigned int 
 Registers used:
		wreg, status,2, status,0, prodl, prodh
 Tracked objects:
		On entry : 
		On exit  : 
		Unchanged: 
 Data sizes:     COMRAM   BANK0   BANK1   BANK2   BANK3   BANK4   BANK5   BANK6   BANK7   BANK8   BANK9  BANK10  BANK11  BANK12  BANK13  BANK14  BANK15
      Params:         4       0       0       0       0       0       0       0       0       0       0       0       0       0       0       0       0
      Locals:         2       0       0       0       0       0       0       0       0       0       0       0       0       0       0       0       0
      Temps:          0       0       0       0       0       0       0       0       0       0       0       0       0       0       0       0       0
      Totals:         6       0       0       0       0       0       0       0       0       0       0       0       0       0       0       0       0
Total ram usage:        6 bytes
 Hardware stack levels used:    1
 Hardware stack levels required when called:    1
 This function calls:
		Nothing
 This function is called by:
		_scrDonePoleDet
		_atoi
 This function uses a non-reentrant model


 *************** function _lcdInst *****************
 Defined at:
		line 64 in file "lcd.c"
 Parameters:    Size  Location     Type
  data            1    wreg     unsigned char 
 Auto vars:     Size  Location     Type
  data            1    3[COMRAM] unsigned char 
 Return value:  Size  Location     Type
                  1    wreg      void 
 Registers used:
		wreg, status,2, status,0, cstack
 Tracked objects:
		On entry : 
		On exit  : 
		Unchanged: 
 Data sizes:     COMRAM   BANK0   BANK1   BANK2   BANK3   BANK4   BANK5   BANK6   BANK7   BANK8   BANK9  BANK10  BANK11  BANK12  BANK13  BANK14  BANK15
      Params:         0       0       0       0       0       0       0       0       0       0       0       0       0       0       0       0       0
      Locals:         1       0       0       0       0       0       0       0       0       0       0       0       0       0       0       0       0
      Temps:          0       0       0       0       0       0       0       0       0       0       0       0       0       0       0       0       0
      Totals:         1       0       0       0       0       0       0       0       0       0       0       0       0       0       0       0       0
Total ram usage:        1 bytes
 Hardware stack levels used:    1
 Hardware stack levels required when called:    4
 This function calls:
		_send_byte
 This function is called by:
		_initLCD
		_showTime
		_scrDoneMain
		_scrDoneGen
		_scrDonePoleDet
		_dispProcMode
		_dispShowLogs
		_dispLogMain
		_dispLogGen
		_dispLogPoleDet
		_dispSMrun
		_runOp
		_lcd_shift_cursor
		_lcd_shift_display
		_dispOpProg
		_detectFeedback
		_tooManyTires
		_lcdNorm
		_dispSMsrun
 This function uses a non-reentrant model


 *************** function _send_byte *****************
 Defined at:
		line 55 in file "lcd.c"
 Parameters:    Size  Location     Type
  data            1    wreg     unsigned char 
 Auto vars:     Size  Location     Type
  data            1    2[COMRAM] unsigned char 
 Return value:  Size  Location     Type
                  1    wreg      void 
 Registers used:
		wreg, status,2, status,0, cstack
 Tracked objects:
		On entry : 
		On exit  : 
		Unchanged: 
 Data sizes:     COMRAM   BANK0   BANK1   BANK2   BANK3   BANK4   BANK5   BANK6   BANK7   BANK8   BANK9  BANK10  BANK11  BANK12  BANK13  BANK14  BANK15
      Params:         0       0       0       0       0       0       0       0       0       0       0       0       0       0       0       0       0
      Locals:         1       0       0       0       0       0       0       0       0       0       0       0       0       0       0       0       0
      Temps:          0       0       0       0       0       0       0       0       0       0       0       0       0       0       0       0       0
      Totals:         1       0       0       0       0       0       0       0       0       0       0       0       0       0       0       0       0
Total ram usage:        1 bytes
 Hardware stack levels used:    1
 Hardware stack levels required when called:    3
 This function calls:
		_send_nibble
 This function is called by:
		_lcdInst
		_initLCD
		_putch
 This function uses a non-reentrant model


 *************** function _send_nibble *****************
 Defined at:
		line 44 in file "lcd.c"
 Parameters:    Size  Location     Type
  data            1    wreg     unsigned char 
 Auto vars:     Size  Location     Type
  data            1    1[COMRAM] unsigned char 
 Return value:  Size  Location     Type
                  1    wreg      void 
 Registers used:
		wreg, status,2, status,0, cstack
 Tracked objects:
		On entry : 
		On exit  : 
		Unchanged: 
 Data sizes:     COMRAM   BANK0   BANK1   BANK2   BANK3   BANK4   BANK5   BANK6   BANK7   BANK8   BANK9  BANK10  BANK11  BANK12  BANK13  BANK14  BANK15
      Params:         0       0       0       0       0       0       0       0       0       0       0       0       0       0       0       0       0
      Locals:         1       0       0       0       0       0       0       0       0       0       0       0       0       0       0       0       0
      Temps:          0       0       0       0       0       0       0       0       0       0       0       0       0       0       0       0       0
      Totals:         1       0       0       0       0       0       0       0       0       0       0       0       0       0       0       0       0
Total ram usage:        1 bytes
 Hardware stack levels used:    1
 Hardware stack levels required when called:    2
 This function calls:
		_pulse_e
 This function is called by:
		_send_byte
		_initLCD
 This function uses a non-reentrant model


 *************** function _pulse_e *****************
 Defined at:
		line 28 in file "lcd.c"
 Parameters:    Size  Location     Type
		None
 Auto vars:     Size  Location     Type
  interruptSta    1    0[COMRAM] unsigned char 
 Return value:  Size  Location     Type
                  1    wreg      void 
 Registers used:
		wreg
 Tracked objects:
		On entry : 
		On exit  : 
		Unchanged: 
 Data sizes:     COMRAM   BANK0   BANK1   BANK2   BANK3   BANK4   BANK5   BANK6   BANK7   BANK8   BANK9  BANK10  BANK11  BANK12  BANK13  BANK14  BANK15
      Params:         0       0       0       0       0       0       0       0       0       0       0       0       0       0       0       0       0
      Locals:         1       0       0       0       0       0       0       0       0       0       0       0       0       0       0       0       0
      Temps:          0       0       0       0       0       0       0       0       0       0       0       0       0       0       0       0       0
      Totals:         1       0       0       0       0       0       0       0       0       0       0       0       0       0       0       0       0
Total ram usage:        1 bytes
 Hardware stack levels used:    1
 Hardware stack levels required when called:    1
 This function calls:
		Nothing
 This function is called by:
		_send_nibble
 This function uses a non-reentrant model


 *************** function _I2C_Master_Init *****************
 Defined at:
		line 32 in file "I2C.c"
 Parameters:    Size  Location     Type
  clockFreq       4   13[COMRAM] const unsigned long 
 Auto vars:     Size  Location     Type
		None
 Return value:  Size  Location     Type
                  1    wreg      void 
 Registers used:
		wreg, status,2, status,0, cstack
 Tracked objects:
		On entry : 
		On exit  : 
		Unchanged: 
 Data sizes:     COMRAM   BANK0   BANK1   BANK2   BANK3   BANK4   BANK5   BANK6   BANK7   BANK8   BANK9  BANK10  BANK11  BANK12  BANK13  BANK14  BANK15
      Params:         4       0       0       0       0       0       0       0       0       0       0       0       0       0       0       0       0
      Locals:         0       0       0       0       0       0       0       0       0       0       0       0       0       0       0       0       0
      Temps:          4       0       0       0       0       0       0       0       0       0       0       0       0       0       0       0       0
      Totals:         8       0       0       0       0       0       0       0       0       0       0       0       0       0       0       0       0
Total ram usage:        8 bytes
 Hardware stack levels used:    1
 Hardware stack levels required when called:    2
 This function calls:
		___lldiv
 This function is called by:
		_main
 This function uses a non-reentrant model


 *************** function ___lldiv *****************
 Defined at:
		line 7 in file "C:\Program Files (x86)\Microchip\xc8\v2.05\pic\sources\c99\common\__lldiv.c"
 Parameters:    Size  Location     Type
  dividend        4    0[COMRAM] unsigned long 
  divisor         4    4[COMRAM] unsigned long 
 Auto vars:     Size  Location     Type
  quotient        4    8[COMRAM] unsigned long 
  counter         1   12[COMRAM] unsigned char 
 Return value:  Size  Location     Type
                  4    0[COMRAM] unsigned long 
 Registers used:
		wreg, status,2, status,0
 Tracked objects:
		On entry : 
		On exit  : 
		Unchanged: 
 Data sizes:     COMRAM   BANK0   BANK1   BANK2   BANK3   BANK4   BANK5   BANK6   BANK7   BANK8   BANK9  BANK10  BANK11  BANK12  BANK13  BANK14  BANK15
      Params:         8       0       0       0       0       0       0       0       0       0       0       0       0       0       0       0       0
      Locals:         5       0       0       0       0       0       0       0       0       0       0       0       0       0       0       0       0
      Temps:          0       0       0       0       0       0       0       0       0       0       0       0       0       0       0       0       0
      Totals:        13       0       0       0       0       0       0       0       0       0       0       0       0       0       0       0       0
Total ram usage:       13 bytes
 Hardware stack levels used:    1
 Hardware stack levels required when called:    1
 This function calls:
		Nothing
 This function is called by:
		_I2C_Master_Init
 This function uses a non-reentrant model


 *************** function _interruptHandler *****************
 Defined at:
		line 130 in file "main.c"
 Parameters:    Size  Location     Type
		None
 Auto vars:     Size  Location     Type
		None
 Return value:  Size  Location     Type
                  1    wreg      void 
 Registers used:
		wreg, status,2
 Tracked objects:
		On entry : 
		On exit  : 
		Unchanged: 
 Data sizes:     COMRAM   BANK0   BANK1   BANK2   BANK3   BANK4   BANK5   BANK6   BANK7   BANK8   BANK9  BANK10  BANK11  BANK12  BANK13  BANK14  BANK15
      Params:         0       0       0       0       0       0       0       0       0       0       0       0       0       0       0       0       0
      Locals:         0       0       0       0       0       0       0       0       0       0       0       0       0       0       0       0       0
      Temps:          0       0       0       0       0       0       0       0       0       0       0       0       0       0       0       0       0
      Totals:         0       0       0       0       0       0       0       0       0       0       0       0       0       0       0       0       0
Total ram usage:        0 bytes
 Hardware stack levels used:    1
 This function calls:
		Nothing
 This function is called by:
		Interrupt level 2
 This function uses a non-reentrant model



MODULE INFORMATION

Module		Function		Class		Link	Load	Size
C:\Program Files (x86)\Microchip\xc8\v2.05\pic\sources\c99\common\awmod.c
		___awmod       		CODE           	2EC6	0000	113

C:\Program Files (x86)\Microchip\xc8\v2.05\pic\sources\c99\common\awmod.c estimated size: 113

C:\Program Files (x86)\Microchip\xc8\v2.05\pic\sources\c99\common\printf.c
		_printf        		CODE           	3504	0000	39

C:\Program Files (x86)\Microchip\xc8\v2.05\pic\sources\c99\common\printf.c estimated size: 39

C:\Program Files (x86)\Microchip\xc8\v2.05\pic\sources\c99\common\nf_fputc.c
		_fputc         		CODE           	2FA4	0000	109

C:\Program Files (x86)\Microchip\xc8\v2.05\pic\sources\c99\common\nf_fputc.c estimated size: 109

operationCode.c
		_runOp         		CODE           	0012	0000	2115

operationCode.c estimated size: 2115

C:\Program Files (x86)\Microchip\xc8\v2.05\pic\sources\c99\common\islower.c
		_islower       		CODE           	33FA	0000	49

C:\Program Files (x86)\Microchip\xc8\v2.05\pic\sources\c99\common\islower.c estimated size: 49

I2C.c
		_I2C_Master_Read		CODE           	3550	0000	37
		_I2C_Master_Wait		CODE           	35BE	0000	19
		_I2C_Master_Init		CODE           	30E4	0000	93
		_I2C_Master_Stop		CODE           	3628	0000	9
		_I2C_Master_Write		CODE           	3606	0000	11
		_I2C_Master_Start		CODE           	3630	0000	9

I2C.c estimated size: 178

C:\Program Files (x86)\Microchip\xc8\v2.05\pic\sources\c99\common\lodiv.c
		___lodiv       		CODE           	29BA	0000	207

C:\Program Files (x86)\Microchip\xc8\v2.05\pic\sources\c99\common\lodiv.c estimated size: 207

C:\Program Files (x86)\Microchip\xc8\v2.05\pic\sources\c99\common\aodiv.c
		___aodiv       		CODE           	1D82	0000	329

C:\Program Files (x86)\Microchip\xc8\v2.05\pic\sources\c99\common\aodiv.c estimated size: 329

C:\Program Files (x86)\Microchip\xc8\v2.05\pic\sources\c99\common\isupper.c
		_isupper       		CODE           	342A	0000	49

C:\Program Files (x86)\Microchip\xc8\v2.05\pic\sources\c99\common\isupper.c estimated size: 49

C:\Program Files (x86)\Microchip\xc8\v2.05\pic\sources\c99\common\toupper.c
		_toupper       		CODE           	324A	0000	75

C:\Program Files (x86)\Microchip\xc8\v2.05\pic\sources\c99\common\toupper.c estimated size: 75

C:\Program Files (x86)\Microchip\xc8\v2.05\pic\sources\c99\common\strlen.c
		_strlen        		CODE           	32DA	0000	69

C:\Program Files (x86)\Microchip\xc8\v2.05\pic\sources\c99\common\strlen.c estimated size: 69

C:\Program Files (x86)\Microchip\xc8\v2.05\pic\sources\c99\common\isspace.c
		_isspace       		CODE           	331E	0000	63

C:\Program Files (x86)\Microchip\xc8\v2.05\pic\sources\c99\common\isspace.c estimated size: 63

C:\Program Files (x86)\Microchip\xc8\v2.05\pic\sources\c99\common\awdiv.c
		___awdiv       		CODE           	2DC0	0000	133

C:\Program Files (x86)\Microchip\xc8\v2.05\pic\sources\c99\common\awdiv.c estimated size: 133

C:\Program Files (x86)\Microchip\xc8\v2.05\pic\sources\c99\common\__lldiv.c
		___lldiv       		CODE           	2E44	0000	131

C:\Program Files (x86)\Microchip\xc8\v2.05\pic\sources\c99\common\__lldiv.c estimated size: 131

C:\Program Files (x86)\Microchip\xc8\v2.05\pic\sources\c99\common\doprnt.c
		_vfpfcnvrt     		CODE           	0854	0000	1209
		_pad           		CODE           	2CA0	0000	155
		_dtoa          		CODE           	0FCA	0000	583
		_vfprintf      		CODE           	31F4	0000	87
		_stoa          		CODE           	2010	0000	325
		_utoa          		CODE           	1A6E	0000	433
		_xtoa          		CODE           	1440	0000	561

C:\Program Files (x86)\Microchip\xc8\v2.05\pic\sources\c99\common\doprnt.c estimated size: 3353

shared
		_LCD_LINE1_ADDR		MEDIUMCONST    	FC52	0000	2
		_LCD_LINE2_ADDR		MEDIUMCONST    	0000	0000	0
		_LCD_LINE3_ADDR		MEDIUMCONST    	0000	0000	0
		_LCD_LINE4_ADDR		MEDIUMCONST    	0000	0000	0
		__initialization		CODE           	3294	0000	57
		_LCD_SIZE_VERT 		MEDIUMCONST    	FC53	0000	2
		_LCD_SIZE_HORZ 		MEDIUMCONST    	FC54	0000	2

shared estimated size: 63

C:\Program Files (x86)\Microchip\xc8\v2.05\pic\sources\c99\common\isalpha.c
		_isalpha       		CODE           	3394	0000	53

C:\Program Files (x86)\Microchip\xc8\v2.05\pic\sources\c99\common\isalpha.c estimated size: 53

lcdCode.c
		_showTime      		CODE           	1ECA	0000	327
		_dispLogGen    		CODE           	24F0	0000	275
		_dispLogMain   		CODE           	2812	0000	219
		_dispLogPoleDet		CODE           	1210	0000	561
		_dispProcMode  		CODE           	2602	0000	273
		_dispShowLogs  		CODE           	319A	0000	91
		_scrDoneGen    		CODE           	2F36	0000	111
		_scrDoneMain   		CODE           	3140	0000	91
		_scrDonePoleDet		CODE           	189C	0000	467

lcdCode.c estimated size: 2415

C:\Program Files (x86)\Microchip\xc8\v2.05\pic\sources\c99\common\Umul16.c
		___wmul        		CODE           	352A	0000	39

C:\Program Files (x86)\Microchip\xc8\v2.05\pic\sources\c99\common\Umul16.c estimated size: 39

C:\Program Files (x86)\Microchip\xc8\v2.05\pic\sources\c99\common\atoi.c
		_atoi          		CODE           	2154	0000	321

C:\Program Files (x86)\Microchip\xc8\v2.05\pic\sources\c99\common\atoi.c estimated size: 321

helpers.c
		_dispSMrun     		CODE           	2D3A	0000	135
		_dispStateTrans		CODE           	1670	0000	557
		_storeLog      		CODE           	2294	0000	313
		_runSMA        		CODE           	2A88	0000	193
		_deployLeft    		CODE           	3620	0000	9
		_runSMs        		CODE           	1C1E	0000	357
		_deployBoth    		CODE           	35E2	0000	13
		_deployRight   		CODE           	3618	0000	9
		_getTime       		CODE           	307A	0000	107
		_runSMB        		CODE           	28EC	0000	207
		_tireDeploy    		CODE           	34DE	0000	39
		_read_EEPROM   		CODE           	35AA	0000	21
		_fixTime       		CODE           	2BF6	0000	171
		_write_EEPROM  		CODE           	348A	0000	43
		_runSM         		CODE           	2712	0000	257

helpers.c estimated size: 2431

lcd.c
		_send_byte     		CODE           	35D0	0000	19
		_putch         		CODE           	35EE	0000	13
		_lcdInst       		CODE           	35FA	0000	13
		_send_nibble   		CODE           	3594	0000	23
		_pulse_e       		CODE           	34B4	0000	43
		_initLCD       		CODE           	3010	0000	107

lcd.c estimated size: 218

C:\Program Files (x86)\Microchip\xc8\v2.05\pic\sources\c99\common\abs.c
		_abs           		CODE           	33C8	0000	51

C:\Program Files (x86)\Microchip\xc8\v2.05\pic\sources\c99\common\abs.c estimated size: 51

C:\Program Files (x86)\Microchip\xc8\v2.05\pic\sources\c99\common\nf_fputs.c
		_fputs         		CODE           	335C	0000	57

C:\Program Files (x86)\Microchip\xc8\v2.05\pic\sources\c99\common\nf_fputs.c estimated size: 57

main.c
		_main          		CODE           	0D0C	0000	703
		_interruptHandler		CODE           	0008	0000	39

main.c estimated size: 742

C:\Program Files (x86)\Microchip\xc8\v2.05\pic\sources\c99\common\isdigit.c
		_isdigit       		CODE           	345A	0000	49

C:\Program Files (x86)\Microchip\xc8\v2.05\pic\sources\c99\common\isdigit.c estimated size: 49

C:\Program Files (x86)\Microchip\xc8\v2.05\pic\sources\c99\common\lomod.c
		___lomod       		CODE           	2B48	0000	175

C:\Program Files (x86)\Microchip\xc8\v2.05\pic\sources\c99\common\lomod.c estimated size: 175

C:\Program Files (x86)\Microchip\xc8\v2.05\pic\sources\c99\common\aomod.c
		___aomod       		CODE           	23CC	0000	293

C:\Program Files (x86)\Microchip\xc8\v2.05\pic\sources\c99\common\aomod.c estimated size: 293

