Microchip MPLAB XC8 Compiler V2.05 ()

Linker command line:

-W-3 --edf=C:\Program Files (x86)\Microchip\xc8\v2.05\pic\dat\en_msgs.txt \
  -cs -h+dist/default/production\mainCode.X.production.sym \
  --cmf=dist/default/production\mainCode.X.production.cmf -z -Q18F4620 \
  -oC:\Users\DEVANS~1\AppData\Local\Temp\scp0.2 --defsym=__MPLAB_BUILD=1 \
  -Mdist/default/production/mainCode.X.production.map -E1 -ver=XC8 \
  --acfsm=1493 -ASTACK=014Bh-0F7Fh -pstack=STACK -ACODE=00h-0FFFFh \
  -ACONST=00h-0FFFFh -ASMALLCONST=01000h-010FFhx240 \
  -AMEDIUMCONST=01000h-0FFFFh -ACOMRAM=01h-07Fh -AABS1=00h-0F7Fh \
  -ABIGRAM=01h-0F7Fh -ARAM=080h-0FFh,0100h-01FFhx14,0F00h-0F7Fh \
  -ABANK0=080h-0FFh -ABANK1=0100h-01FFh -ABANK2=0200h-02FFh \
  -ABANK3=0300h-03FFh -ABANK4=0400h-04FFh -ABANK5=0500h-05FFh \
  -ABANK6=0600h-06FFh -ABANK7=0700h-07FFh -ABANK8=0800h-08FFh \
  -ABANK9=0900h-09FFh -ABANK10=0A00h-0AFFh -ABANK11=0B00h-0BFFh \
  -ABANK12=0C00h-0CFFh -ABANK13=0D00h-0DFFh -ABANK14=0E00h-0EFFh \
  -ABANK15=0F00h-0F7Fh -ASFR=0F80h-0FFFh \
  -preset_vec=00h,intcode=08h,intcodelo,powerup,init -pramtop=01000h \
  -psmallconst=SMALLCONST -pmediumconst=MEDIUMCONST -pconst=CONST \
  -AFARRAM=00h-00h -ACONFIG=0300000h-030000Dh -pconfig=CONFIG \
  -AIDLOC=0200000h-0200007h -pidloc=IDLOC -AEEDATA=0F00000h-0F003FFh \
  -peeprom_data=EEDATA \
  -prdata=COMRAM,nvrram=COMRAM,nvbit=COMRAM,rbss=COMRAM,rbit=COMRAM \
  -pfarbss=FARRAM,fardata=FARRAM,nvFARRAM=FARRAM \
  -pintsave_regs=BIGRAM,bigbss=BIGRAM,bigdata=BIGRAM -pbss=RAM \
  -pidata=CODE,irdata=CODE,ibigdata=CODE,ifardata=CODE -prparam=COMRAM \
  C:\Users\DEVANS~1\AppData\Local\Temp\scp0.o \
  dist/default/production\mainCode.X.production.o 

Object code version is 3.11

Machine type is 18F4620

Call graph: (short form)




                Name                               Link     Load   Length Selector   Space Scale
C:\Users\DEVANS~1\AppData\Local\Temp\scp0.o
                init                                  E        E        4        4       0
                reset_vec                             0        0        4        0       0
                idloc                            200000   200000        8   200000       0
                config                           300000   300000        E   300000       0
dist/default/production\mainCode.X.production.o
                intcode                               8        8        6        4       0
                temp                                 7F       7F        1        1       1
                mediumconst                        FE7A     FE7A      186     7F3D       0
                intcode_body                       19D8     19D8       12        4       0
                text41                             1352     1352       82        4       0
                text40                             15F2     15F2       5C        4       0
                text39                             19C6     19C6       12        4       0
                text38                             197A     197A       24        4       0
                text37                             1A14     1A14        8        4       0
                text36                             1A0C     1A0C        8        4       0
                text35                             1A02     1A02        A        4       0
                text34                             1588     1588       6A        4       0
                text33                             18DE     18DE       2A        4       0
                text32                             199E     199E       16        4       0
                text31                             19B4     19B4       12        4       0
                text30                             19F6     19F6        C        4       0
                text29                             151E     151E       6A        4       0
                text28                             1954     1954       26        4       0
                text27                             1884     1884       30        4       0
                text26                             1748     1748       3E        4       0
                text25                              F02      F02      140        4       0
                text24                              C74      C74      148        4       0
                text23                             1042     1042      124        4       0
                text22                             17F2     17F2       32        4       0
                text21                             19EA     19EA        C        4       0
                text20                             14B2     14B2       6C        4       0
                text19                             1786     1786       38        4       0
                text18                             18B4     18B4       2A        4       0
                text17                             1234     1234       9A        4       0
                text16                              63C      63C      246        4       0
                text15                             17BE     17BE       34        4       0
                text14                             1854     1854       30        4       0
                text13                             1824     1824       30        4       0
                text12                             16FE     16FE       4A        4       0
                text11                              882      882      230        4       0
                text10                               12       12      3B0        4       0
                text9                              16A8     16A8       56        4       0
                text8                              192E     192E       26        4       0
                text7                              1444     1444       6E        4       0
                text6                              164E     164E       5A        4       0
                text5                              12CE     12CE       84        4       0
                text4                              13D4     13D4       70        4       0
                text3                               AB2      AB2      1C2        4       0
                text2                              1166     1166       CE        4       0
                text1                               DBC      DBC      146        4       0
                text0                               3C2      3C2      27A        4       0
                cstackCOMRAM                          1        1       7E        1       1
                cstackBANK0                          AE       AE       1C       80       1
                bssBANK1                            100      100       4B      100       1
                bssBANK0                             80       80       2E       80       1
                cinit                              1908     1908       26        4       0

TOTAL           Name                               Link     Load   Length     Space
        CLASS   STACK          

        CLASS   CODE           
                intcode                               8        8        6         0
                init                                  E        E        4         0
                reset_vec                             0        0        4         0
                intcode_body                       19D8     19D8       12         0
                text41                             1352     1352       82         0
                text40                             15F2     15F2       5C         0
                text39                             19C6     19C6       12         0
                text38                             197A     197A       24         0
                text37                             1A14     1A14        8         0
                text36                             1A0C     1A0C        8         0
                text35                             1A02     1A02        A         0
                text34                             1588     1588       6A         0
                text33                             18DE     18DE       2A         0
                text32                             199E     199E       16         0
                text31                             19B4     19B4       12         0
                text30                             19F6     19F6        C         0
                text29                             151E     151E       6A         0
                text28                             1954     1954       26         0
                text27                             1884     1884       30         0
                text26                             1748     1748       3E         0
                text25                              F02      F02      140         0
                text24                              C74      C74      148         0
                text23                             1042     1042      124         0
                text22                             17F2     17F2       32         0
                text21                             19EA     19EA        C         0
                text20                             14B2     14B2       6C         0
                text19                             1786     1786       38         0
                text18                             18B4     18B4       2A         0
                text17                             1234     1234       9A         0
                text16                              63C      63C      246         0
                text15                             17BE     17BE       34         0
                text14                             1854     1854       30         0
                text13                             1824     1824       30         0
                text12                             16FE     16FE       4A         0
                text11                              882      882      230         0
                text10                               12       12      3B0         0
                text9                              16A8     16A8       56         0
                text8                              192E     192E       26         0
                text7                              1444     1444       6E         0
                text6                              164E     164E       5A         0
                text5                              12CE     12CE       84         0
                text4                              13D4     13D4       70         0
                text3                               AB2      AB2      1C2         0
                text2                              1166     1166       CE         0
                text1                               DBC      DBC      146         0
                text0                               3C2      3C2      27A         0
                cinit                              1908     1908       26         0

        CLASS   CONST          

        CLASS   SMALLCONST     

        CLASS   MEDIUMCONST    
                mediumconst                        FE7A     FE7A      186         0

        CLASS   COMRAM         
                temp                                 7F       7F        1         1
                cstackCOMRAM                          1        1       7E         1

        CLASS   ABS1           

        CLASS   BIGRAM         

        CLASS   RAM            

        CLASS   BANK0          
                cstackBANK0                          AE       AE       1C         1
                bssBANK0                             80       80       2E         1

        CLASS   BANK1          
                bssBANK1                            100      100       4B         1

        CLASS   BANK2          

        CLASS   BANK3          

        CLASS   BANK4          

        CLASS   BANK5          

        CLASS   BANK6          

        CLASS   BANK7          

        CLASS   BANK8          

        CLASS   BANK9          

        CLASS   BANK10         

        CLASS   BANK11         

        CLASS   BANK12         

        CLASS   BANK13         

        CLASS   BANK14         

        CLASS   BANK15         

        CLASS   SFR            

        CLASS   FARRAM         

        CLASS   CONFIG         
                config                           300000   300000        E         0

        CLASS   IDLOC          
                idloc                            200000   200000        8         0

        CLASS   EEDATA         



SEGMENTS        Name                           Load    Length   Top    Selector   Space  Class

                reset_vec                      000000  000004  000004         0       0  CODE    
                cstackCOMRAM                   000001  00007F  000080         1       1  COMRAM  
                intcode                        000008  001A14  001A1C         4       0  CODE    
                bssBANK0                       000080  00004A  0000CA        80       1  BANK0   
                bssBANK1                       000100  00004B  00014B       100       1  BANK1   
                mediumconst                    00FE7A  000186  010000      7F3D       0  MEDIUMCO
                idloc                          200000  000008  200008    200000       0  IDLOC   
                config                         300000  00000E  30000E    300000       0  CONFIG  


UNUSED ADDRESS RANGES

        Name                Unused          Largest block    Delta
        BANK0            0000CA-0000FF               36
        BANK1            00014B-0001FF               B5
        BANK10           000A00-000AFF              100
        BANK11           000B00-000BFF              100
        BANK12           000C00-000CFF              100
        BANK13           000D00-000DFF              100
        BANK14           000E00-000EFF              100
        BANK15           000F00-000F7F               80
        BANK2            000200-0002FF              100
        BANK3            000300-0003FF              100
        BANK4            000400-0004FF              100
        BANK5            000500-0005FF              100
        BANK6            000600-0006FF              100
        BANK7            000700-0007FF              100
        BANK8            000800-0008FF              100
        BANK9            000900-0009FF              100
        BIGRAM           0000CA-0000FF               36
                         00014B-000F7F              E35
        CODE             000004-000007                4
                         001A1C-00FE79             E45E
        CONST            000004-000007                4
                         001A1C-00FE79             E45E
        EEDATA           F00000-F003FF              400
        MEDIUMCONST      001A1C-00FE79             E45E
        RAM              0000CA-0000FF               36
                         00014B-000F7F              100
        SFR              000F80-000FFF               80
        SMALLCONST       001A1C-00FE79              100
        STACK            00014B-000F7F              E35

                                  Symbol Table

?___aodiv                    cstackCOMRAM 000001
?___aomod                    cstackCOMRAM 000001
?___awdiv                    cstackCOMRAM 000007
?___awmod                    cstackCOMRAM 000007
?___lldiv                    cstackCOMRAM 000001
?___wmul                     cstackCOMRAM 000001
?_abs                        cstackCOMRAM 000013
?_atoi                       cstackCOMRAM 000008
?_dtoa                       cstackCOMRAM 000020
?_isalpha                    cstackCOMRAM 000001
?_isdigit                    cstackCOMRAM 000001
?_islower                    cstackCOMRAM 000001
?_isspace                    cstackCOMRAM 000001
?_isupper                    cstackCOMRAM 000001
?_pad                        cstackCOMRAM 000015
?_printf                     cstackCOMRAM 00006E
?_strlen                     cstackCOMRAM 000001
?_toupper                    cstackCOMRAM 000007
?_vfpfcnvrt                  cstackCOMRAM 000047
?_vfprintf                   cstackCOMRAM 000066
?_xtoa                       cstackCOMRAM 000020
I2C_Master_Init@clockFreq    cstackCOMRAM 00000E
I2C_Master_Read@ackBit       cstackCOMRAM 000002
I2C_Master_Read@receivedByte cstackCOMRAM 000003
I2C_Master_Write@byteToWrite cstackCOMRAM 000002
_ADCON1                      (abs)        000FC1
_I2C_Master_Init             text40       0015F2
_I2C_Master_Read             text38       00197A
_I2C_Master_Start            text37       001A14
_I2C_Master_Stop             text36       001A0C
_I2C_Master_Wait             text39       0019C6
_I2C_Master_Write            text35       001A02
_INT1IE                      (abs)        007F83
_INT1IF                      (abs)        007F80
_INTCONbits                  (abs)        000FF2
_LATD                        (abs)        000F8C
_LATDbits                    (abs)        000F8C
_LCD_LINE1_ADDR              mediumconst  00FE93
_LCD_SIZE_HORZ               mediumconst  00FE95
_LCD_SIZE_VERT               mediumconst  00FE94
_PORTB                       (abs)        000F81
_SSPADD                      (abs)        000FC8
_SSPBUF                      (abs)        000FC9
_SSPCON1                     (abs)        000FC6
_SSPCON1bits                 (abs)        000FC6
_SSPCON2                     (abs)        000FC5
_SSPCON2bits                 (abs)        000FC5
_SSPSTAT                     (abs)        000FC7
_TRISCbits                   (abs)        000F94
_TRISD                       (abs)        000F95
__CFG_BOREN$SBORDIS          (abs)        000000
__CFG_BORV$3                 (abs)        000000
__CFG_CCP2MX$PORTC           (abs)        000000
__CFG_CP0$OFF                (abs)        000000
__CFG_CP1$OFF                (abs)        000000
__CFG_CP2$OFF                (abs)        000000
__CFG_CP3$OFF                (abs)        000000
__CFG_CPB$OFF                (abs)        000000
__CFG_CPD$ON                 (abs)        000000
__CFG_EBTR0$OFF              (abs)        000000
__CFG_EBTR1$OFF              (abs)        000000
__CFG_EBTR2$OFF              (abs)        000000
__CFG_EBTR3$OFF              (abs)        000000
__CFG_EBTRB$OFF              (abs)        000000
__CFG_FCMEN$OFF              (abs)        000000
__CFG_IESO$OFF               (abs)        000000
__CFG_LPT1OSC$OFF            (abs)        000000
__CFG_LVP$OFF                (abs)        000000
__CFG_MCLRE$ON               (abs)        000000
__CFG_OSC$HS                 (abs)        000000
__CFG_PBADEN$ON              (abs)        000000
__CFG_PWRT$OFF               (abs)        000000
__CFG_STVREN$ON              (abs)        000000
__CFG_WDT$OFF                (abs)        000000
__CFG_WDTPS$32768            (abs)        000000
__CFG_WRT0$OFF               (abs)        000000
__CFG_WRT1$OFF               (abs)        000000
__CFG_WRT2$OFF               (abs)        000000
__CFG_WRT3$OFF               (abs)        000000
__CFG_WRTB$OFF               (abs)        000000
__CFG_WRTC$OFF               (abs)        000000
__CFG_WRTD$OFF               (abs)        000000
__CFG_XINST$OFF              (abs)        000000
__HRAM                       (abs)        000000
__Habs1                      abs1         000000
__Hbank0                     bank0        000000
__Hbank1                     bank1        000000
__Hbank10                    bank10       000000
__Hbank11                    bank11       000000
__Hbank12                    bank12       000000
__Hbank13                    bank13       000000
__Hbank14                    bank14       000000
__Hbank15                    bank15       000000
__Hbank2                     bank2        000000
__Hbank3                     bank3        000000
__Hbank4                     bank4        000000
__Hbank5                     bank5        000000
__Hbank6                     bank6        000000
__Hbank7                     bank7        000000
__Hbank8                     bank8        000000
__Hbank9                     bank9        000000
__Hbigbss                    bigbss       000000
__Hbigdata                   bigdata      000000
__Hbigram                    bigram       000000
__Hbss                       bss          000000
__HbssBANK0                  bssBANK0     000000
__HbssBANK1                  bssBANK1     000000
__Hcinit                     cinit        000000
__Hclrtext                   clrtext      000000
__Hcomram                    comram       000000
__Hconfig                    config       30000E
__Hconst                     const        000000
__HcstackBANK0               cstackBANK0  000000
__HcstackCOMRAM              cstackCOMRAM 000000
__Hdata                      data         000000
__Heeprom_data               eeprom_data  000000
__Hfarbss                    farbss       000000
__Hfardata                   fardata      000000
__Hibigdata                  ibigdata     000000
__Hidata                     idata        000000
__Hidloc                     idloc        200008
__Hifardata                  ifardata     000000
__Hinit                      init         000012
__Hintcode                   intcode      00000E
__Hintcode_body              intcode_body 000000
__Hintcodelo                 intcodelo    00000E
__Hintentry                  intentry     000000
__Hintret                    intret       000000
__Hintsave_regs              intsave_regs 000000
__Hirdata                    irdata       000000
__Hmediumconst               mediumconst  010000
__HnvFARRAM                  nvFARRAM     000000
__Hnvbit                     nvbit        000000
__Hnvrram                    nvrram       000000
__Hparam                     rparam       000000
__Hpowerup                   powerup      00000E
__Hram                       ram          000000
__Hramtop                    ramtop       001000
__Hrbit                      rbit         000000
__Hrbss                      rbss         000000
__Hrdata                     rdata        000000
__Hreset_vec                 reset_vec    000004
__Hrparam                    rparam       000000
__Hsfr                       sfr          000000
__Hsmallconst                smallconst   000000
__Hspace_0                   (abs)        30000E
__Hspace_1                   (abs)        00014B
__Hspace_2                   (abs)        000000
__Hstack                     stack        000000
__Hstruct                    struct       000000
__Htemp                      temp         000080
__Htext                      text         000000
__Htext0                     text0        000000
__Htext1                     text1        000000
__Htext10                    text10       000000
__Htext11                    text11       000000
__Htext12                    text12       000000
__Htext13                    text13       000000
__Htext14                    text14       000000
__Htext15                    text15       000000
__Htext16                    text16       000000
__Htext17                    text17       000000
__Htext18                    text18       000000
__Htext19                    text19       000000
__Htext2                     text2        000000
__Htext20                    text20       000000
__Htext21                    text21       000000
__Htext22                    text22       000000
__Htext23                    text23       000000
__Htext24                    text24       000000
__Htext25                    text25       000000
__Htext26                    text26       000000
__Htext27                    text27       000000
__Htext28                    text28       000000
__Htext29                    text29       000000
__Htext3                     text3        000000
__Htext30                    text30       000000
__Htext31                    text31       000000
__Htext32                    text32       000000
__Htext33                    text33       000000
__Htext34                    text34       000000
__Htext35                    text35       000000
__Htext36                    text36       000000
__Htext37                    text37       000000
__Htext38                    text38       000000
__Htext39                    text39       000000
__Htext4                     text4        000000
__Htext40                    text40       000000
__Htext41                    text41       000000
__Htext5                     text5        000000
__Htext6                     text6        000000
__Htext7                     text7        000000
__Htext8                     text8        000000
__Htext9                     text9        000000
__LRAM                       (abs)        000001
__Labs1                      abs1         000000
__Lbank0                     bank0        000000
__Lbank1                     bank1        000000
__Lbank10                    bank10       000000
__Lbank11                    bank11       000000
__Lbank12                    bank12       000000
__Lbank13                    bank13       000000
__Lbank14                    bank14       000000
__Lbank15                    bank15       000000
__Lbank2                     bank2        000000
__Lbank3                     bank3        000000
__Lbank4                     bank4        000000
__Lbank5                     bank5        000000
__Lbank6                     bank6        000000
__Lbank7                     bank7        000000
__Lbank8                     bank8        000000
__Lbank9                     bank9        000000
__Lbigbss                    bigbss       000000
__Lbigdata                   bigdata      000000
__Lbigram                    bigram       000000
__Lbss                       bss          000000
__LbssBANK0                  bssBANK0     000000
__LbssBANK1                  bssBANK1     000000
__Lcinit                     cinit        000000
__Lclrtext                   clrtext      000000
__Lcomram                    comram       000000
__Lconfig                    config       300000
__Lconst                     const        000000
__LcstackBANK0               cstackBANK0  000000
__LcstackCOMRAM              cstackCOMRAM 000000
__Ldata                      data         000000
__Leeprom_data               eeprom_data  000000
__Lfarbss                    farbss       000000
__Lfardata                   fardata      000000
__Libigdata                  ibigdata     000000
__Lidata                     idata        000000
__Lidloc                     idloc        200000
__Lifardata                  ifardata     000000
__Linit                      init         00000E
__Lintcode                   intcode      000008
__Lintcode_body              intcode_body 000000
__Lintcodelo                 intcodelo    00000E
__Lintentry                  intentry     000000
__Lintret                    intret       000000
__Lintsave_regs              intsave_regs 000000
__Lirdata                    irdata       000000
__Lmediumconst               mediumconst  00FE7A
__LnvFARRAM                  nvFARRAM     000000
__Lnvbit                     nvbit        000000
__Lnvrram                    nvrram       000000
__Lparam                     rparam       000000
__Lpowerup                   powerup      00000E
__Lram                       ram          000000
__Lramtop                    ramtop       001000
__Lrbit                      rbit         000000
__Lrbss                      rbss         000000
__Lrdata                     rdata        000000
__Lreset_vec                 reset_vec    000000
__Lrparam                    rparam       000000
__Lsfr                       sfr          000000
__Lsmallconst                smallconst   000000
__Lspace_0                   (abs)        000000
__Lspace_1                   (abs)        000000
__Lspace_2                   (abs)        000000
__Lstack                     stack        000000
__Lstruct                    struct       000000
__Ltemp                      temp         00007F
__Ltext                      text         000000
__Ltext0                     text0        000000
__Ltext1                     text1        000000
__Ltext10                    text10       000000
__Ltext11                    text11       000000
__Ltext12                    text12       000000
__Ltext13                    text13       000000
__Ltext14                    text14       000000
__Ltext15                    text15       000000
__Ltext16                    text16       000000
__Ltext17                    text17       000000
__Ltext18                    text18       000000
__Ltext19                    text19       000000
__Ltext2                     text2        000000
__Ltext20                    text20       000000
__Ltext21                    text21       000000
__Ltext22                    text22       000000
__Ltext23                    text23       000000
__Ltext24                    text24       000000
__Ltext25                    text25       000000
__Ltext26                    text26       000000
__Ltext27                    text27       000000
__Ltext28                    text28       000000
__Ltext29                    text29       000000
__Ltext3                     text3        000000
__Ltext30                    text30       000000
__Ltext31                    text31       000000
__Ltext32                    text32       000000
__Ltext33                    text33       000000
__Ltext34                    text34       000000
__Ltext35                    text35       000000
__Ltext36                    text36       000000
__Ltext37                    text37       000000
__Ltext38                    text38       000000
__Ltext39                    text39       000000
__Ltext4                     text4        000000
__Ltext40                    text40       000000
__Ltext41                    text41       000000
__Ltext5                     text5        000000
__Ltext6                     text6        000000
__Ltext7                     text7        000000
__Ltext8                     text8        000000
__Ltext9                     text9        000000
__S0                         (abs)        30000E
__S1                         (abs)        00014B
__S2                         (abs)        000000
___aodiv                     text24       000C74
___aodiv@counter             cstackCOMRAM 000011
___aodiv@dividend            cstackCOMRAM 000001
___aodiv@divisor             cstackCOMRAM 000009
___aodiv@quotient            cstackCOMRAM 000013
___aodiv@sign                cstackCOMRAM 000012
___aomod                     text23       001042
___aomod@counter             cstackCOMRAM 000011
___aomod@dividend            cstackCOMRAM 000001
___aomod@divisor             cstackCOMRAM 000009
___aomod@sign                cstackCOMRAM 000012
___awdiv                     text5        0012CE
___awdiv@counter             cstackCOMRAM 00000B
___awdiv@dividend            cstackCOMRAM 000007
___awdiv@divisor             cstackCOMRAM 000009
___awdiv@quotient            cstackCOMRAM 00000D
___awdiv@sign                cstackCOMRAM 00000C
___awmod                     text4        0013D4
___awmod@counter             cstackCOMRAM 00000B
___awmod@dividend            cstackCOMRAM 000007
___awmod@divisor             cstackCOMRAM 000009
___awmod@sign                cstackCOMRAM 00000C
___inthi_sp                  stack        000000
___intlo_sp                  stack        000000
___lldiv                     text41       001352
___lldiv@counter             cstackCOMRAM 00000D
___lldiv@dividend            cstackCOMRAM 000001
___lldiv@divisor             cstackCOMRAM 000005
___lldiv@quotient            cstackCOMRAM 000009
___param_bank                (abs)        000000
___rparam_used               (abs)        000001
___sp                        stack        000000
___wmul                      text28       001954
___wmul@multiplicand         cstackCOMRAM 000003
___wmul@multiplier           cstackCOMRAM 000001
___wmul@product              cstackCOMRAM 000005
__accesstop                  (abs)        000080
__activetblptr               (abs)        000002
__end_of_I2C_Master_Init     text40       00164E
__end_of_I2C_Master_Read     text38       00199E
__end_of_I2C_Master_Start    text37       001A1C
__end_of_I2C_Master_Stop     text36       001A14
__end_of_I2C_Master_Wait     text39       0019D8
__end_of_I2C_Master_Write    text35       001A0C
__end_of_LCD_LINE1_ADDR      mediumconst  00FE94
__end_of_LCD_LINE2_ADDR      mediumconst  00FE99
__end_of_LCD_LINE3_ADDR      mediumconst  00FE98
__end_of_LCD_LINE4_ADDR      mediumconst  00FE97
__end_of_LCD_SIZE_HORZ       mediumconst  00FE96
__end_of_LCD_SIZE_VERT       mediumconst  00FE95
__end_of___aodiv             text24       000DBC
__end_of___aomod             text23       001166
__end_of___awdiv             text5        001352
__end_of___awmod             text4        001444
__end_of___lldiv             text41       0013D4
__end_of___wmul              text28       00197A
__end_of__initialization     cinit        001920
__end_of_abs                 text22       001824
__end_of_atoi                text25       001042
__end_of_dtoa                text16       000882
__end_of_fputc               text20       00151E
__end_of_fputs               text19       0017BE
__end_of_getTime             text34       0015F2
__end_of_happynewyear        mediumconst  00FE93
__end_of_initLCD             text29       001588
__end_of_interruptHandler    intcode_body 0019EA
__end_of_isalpha             text15       0017F2
__end_of_isdigit             text27       0018B4
__end_of_islower             text13       001854
__end_of_isspace             text26       001786
__end_of_isupper             text14       001884
__end_of_keys                mediumconst  00FE8C
__end_of_lcdInst             text30       001A02
__end_of_main                text0        00063C
__end_of_pad                 text17       0012CE
__end_of_printf              text8        001954
__end_of_pulse_e             text33       001908
__end_of_putch               text21       0019F6
__end_of_scrDoneGen          text7        0014B2
__end_of_scrDoneMain         text6        0016A8
__end_of_scrDonePoleDet      text3        000C74
__end_of_scrRunning          text2        001234
__end_of_send_byte           text31       0019C6
__end_of_send_nibble         text32       0019B4
__end_of_showTime            text1        000F02
__end_of_strlen              text18       0018DE
__end_of_toupper             text12       001748
__end_of_vfpfcnvrt           text10       0003C2
__end_of_vfprintf            text9        0016FE
__end_of_xtoa                text11       000AB2
__initialization             cinit        001908
__mediumconst                mediumconst  00FE7A
__pbssBANK0                  bssBANK0     000080
__pbssBANK1                  bssBANK1     000100
__pcinit                     cinit        001908
__pcstackBANK0               cstackBANK0  0000AE
__pcstackCOMRAM              cstackCOMRAM 000001
__pintcode                   intcode      000008
__pintcode_body              intcode_body 0019D8
__pmediumconst               mediumconst  00FE7A
__ptext0                     text0        0003C2
__ptext1                     text1        000DBC
__ptext10                    text10       000012
__ptext11                    text11       000882
__ptext12                    text12       0016FE
__ptext13                    text13       001824
__ptext14                    text14       001854
__ptext15                    text15       0017BE
__ptext16                    text16       00063C
__ptext17                    text17       001234
__ptext18                    text18       0018B4
__ptext19                    text19       001786
__ptext2                     text2        001166
__ptext20                    text20       0014B2
__ptext21                    text21       0019EA
__ptext22                    text22       0017F2
__ptext23                    text23       001042
__ptext24                    text24       000C74
__ptext25                    text25       000F02
__ptext26                    text26       001748
__ptext27                    text27       001884
__ptext28                    text28       001954
__ptext29                    text29       00151E
__ptext3                     text3        000AB2
__ptext30                    text30       0019F6
__ptext31                    text31       0019B4
__ptext32                    text32       00199E
__ptext33                    text33       0018DE
__ptext34                    text34       001588
__ptext35                    text35       001A02
__ptext36                    text36       001A0C
__ptext37                    text37       001A14
__ptext38                    text38       00197A
__ptext39                    text39       0019C6
__ptext4                     text4        0013D4
__ptext40                    text40       0015F2
__ptext41                    text41       001352
__ptext5                     text5        0012CE
__ptext6                     text6        00164E
__ptext7                     text7        001444
__ptext8                     text8        00192E
__ptext9                     text9        0016A8
__ramtop                     ramtop       001000
__size_of_I2C_Master_Init    (abs)        000000
__size_of_I2C_Master_Read    (abs)        000000
__size_of_I2C_Master_Start   (abs)        000000
__size_of_I2C_Master_Stop    (abs)        000000
__size_of_I2C_Master_Wait    (abs)        000000
__size_of_I2C_Master_Write   (abs)        000000
__size_of___aodiv            (abs)        000000
__size_of___aomod            (abs)        000000
__size_of___awdiv            (abs)        000000
__size_of___awmod            (abs)        000000
__size_of___lldiv            (abs)        000000
__size_of___wmul             (abs)        000000
__size_of_abs                (abs)        000000
__size_of_atoi               (abs)        000000
__size_of_dtoa               (abs)        000000
__size_of_fputc              (abs)        000000
__size_of_fputs              (abs)        000000
__size_of_getTime            (abs)        000000
__size_of_initLCD            (abs)        000000
__size_of_interruptHandler   (abs)        000000
__size_of_isalpha            (abs)        000000
__size_of_isdigit            (abs)        000000
__size_of_islower            (abs)        000000
__size_of_isspace            (abs)        000000
__size_of_isupper            (abs)        000000
__size_of_lcdInst            (abs)        000000
__size_of_main               (abs)        000000
__size_of_pad                (abs)        000000
__size_of_printf             (abs)        000000
__size_of_pulse_e            (abs)        000000
__size_of_putch              (abs)        000000
__size_of_scrDoneGen         (abs)        000000
__size_of_scrDoneMain        (abs)        000000
__size_of_scrDonePoleDet     (abs)        000000
__size_of_scrRunning         (abs)        000000
__size_of_send_byte          (abs)        000000
__size_of_send_nibble        (abs)        000000
__size_of_showTime           (abs)        000000
__size_of_strlen             (abs)        000000
__size_of_toupper            (abs)        000000
__size_of_vfpfcnvrt          (abs)        000000
__size_of_vfprintf           (abs)        000000
__size_of_xtoa               (abs)        000000
__smallconst                 smallconst   000000
_abs                         text22       0017F2
_atoi                        text25       000F02
_atoi$1007                   cstackCOMRAM 000010
_atoi$1008                   cstackCOMRAM 000014
_atoi$1009                   cstackCOMRAM 000012
_currPole                    bssBANK0     00008A
_dbuf                        bssBANK0     00008E
_dtoa                        text16       00063C
_dtoa$523                    cstackCOMRAM 000032
_flags                       bssBANK0     000086
_fputc                       text20       0014B2
_fputs                       text19       001786
_getTime                     text34       001588
_happynewyear                mediumconst  00FE8C
_initLCD                     text29       00151E
_interruptHandler            intcode      000008
_isalpha                     text15       0017BE
_isdigit                     text27       001884
_islower                     text13       001824
_isspace                     text26       001748
_isspace$1034                cstackCOMRAM 000007
_isupper                     text14       001854
_key_was_pressed             bssBANK0     00008D
_keys                        mediumconst  00FE7B
_lcdInst                     text30       0019F6
_main                        text0        0003C2
_nout                        bssBANK0     000080
_pad                         text17       001234
_poleCount                   bssBANK0     00008B
_poleInfoArr                 bssBANK1     000100
_prec                        bssBANK0     000084
_printf                      text8        00192E
_pulse_e                     text33       0018DE
_putch                       text21       0019EA
_scrDoneGen                  text7        001444
_scrDoneMain                 text6        00164E
_scrDonePoleDet              text3        000AB2
_scrDonePoleDet$1343         cstackBANK0  0000B5
_scrDonePoleDet$1344         cstackBANK0  0000B1
_scrDonePoleDet$1345         cstackBANK0  0000B3
_scrRunning                  text2        001166
_send_byte                   text31       0019B4
_send_nibble                 text32       00199E
_showTime                    text1        000DBC
_strlen                      text18       0018B4
_tiresSupp                   bssBANK0     00008C
_totalTime                   bssBANK0     000088
_toupper                     text12       0016FE
_toupper$1099                cstackCOMRAM 00000D
_vfpfcnvrt                   text10       000012
_vfpfcnvrt$549               cstackCOMRAM 000063
_vfprintf                    text9        0016A8
_width                       bssBANK0     000082
_xtoa                        text11       000882
_xtoa$534                    cstackCOMRAM 000033
_xtoa$535                    cstackCOMRAM 000035
abs@a                        cstackCOMRAM 000013
atoi@n                       cstackCOMRAM 000015
atoi@neg                     cstackCOMRAM 00000E
atoi@s                       cstackCOMRAM 000008
btemp                        temp         00007F
dtoa@d                       cstackCOMRAM 000022
dtoa@fp                      cstackCOMRAM 000020
dtoa@i                       cstackCOMRAM 000042
dtoa@n                       cstackCOMRAM 00003A
dtoa@p                       cstackCOMRAM 000034
dtoa@s                       cstackCOMRAM 000038
dtoa@w                       cstackCOMRAM 000036
end_of_initialization        cinit        001920
fputc@c                      cstackCOMRAM 000005
fputc@fp                     cstackCOMRAM 000007
fputs@c                      cstackCOMRAM 000012
fputs@fp                     cstackCOMRAM 000010
fputs@i                      cstackCOMRAM 000013
fputs@s                      cstackCOMRAM 00000E
getTime@i                    cstackCOMRAM 000006
getTime@pTime                cstackCOMRAM 000004
int$flags                    temp         00007F
int_func                     intcode_body 0019D8
intlevel0                    text         000000
intlevel1                    text         000000
intlevel2                    text         000000
intlevel3                    text         000000
isalpha@c                    cstackCOMRAM 000001
isdigit@c                    cstackCOMRAM 000001
islower@c                    cstackCOMRAM 000001
isspace@c                    cstackCOMRAM 000001
isupper@c                    cstackCOMRAM 000001
lcdInst@data                 cstackCOMRAM 000004
main@dispMode                cstackBANK0  0000C8
main@i                       cstackBANK0  0000C5
main@keypress                cstackBANK0  0000C7
main@startTimeInt            cstackBANK0  0000C0
main@ticks                   cstackBANK0  0000C3
main@time                    cstackBANK0  0000B9
pad@buf                      cstackCOMRAM 000017
pad@fp                       cstackCOMRAM 000015
pad@i                        cstackCOMRAM 00001C
pad@p                        cstackCOMRAM 000019
pad@w                        cstackCOMRAM 00001E
printf@ap                    cstackCOMRAM 000078
printf@fmt                   cstackCOMRAM 00006E
pulse_e@interruptState       cstackCOMRAM 000001
putch@data                   cstackCOMRAM 000004
scrDoneGen@poles             cstackCOMRAM 00007D
scrDoneGen@time              cstackCOMRAM 00007A
scrDoneGen@tireCount         cstackCOMRAM 00007C
scrDonePoleDet@currPole      cstackCOMRAM 00007C
scrDonePoleDet@poleData      cstackCOMRAM 00007A
scrRunning@i                 cstackBANK0  0000AE
scrRunning@time              cstackCOMRAM 00007A
send_byte@data               cstackCOMRAM 000003
send_nibble@data             cstackCOMRAM 000002
showTime@i                   cstackBANK0  0000AE
showTime@pTime               cstackCOMRAM 00007A
stackhi                      (abs)        000F7F
stacklo                      (abs)        00014B
start                        init         00000E
start_initialization         cinit        001908
strlen@a                     cstackCOMRAM 000003
strlen@s                     cstackCOMRAM 000001
toupper@c                    cstackCOMRAM 000007
ttemp5                       temp         000080
ttemp6                       temp         000083
ttemp7                       temp         000087
vfpfcnvrt@ap                 cstackCOMRAM 00004B
vfpfcnvrt@c                  cstackCOMRAM 000065
vfpfcnvrt@done               cstackCOMRAM 000061
vfpfcnvrt@fmt                cstackCOMRAM 000049
vfpfcnvrt@fp                 cstackCOMRAM 000047
vfpfcnvrt@ll                 cstackCOMRAM 000051
vfpfcnvrt@llu                cstackCOMRAM 000059
vfprintf@ap                  cstackCOMRAM 00006A
vfprintf@cfmt                cstackCOMRAM 00006C
vfprintf@fmt                 cstackCOMRAM 000068
vfprintf@fp                  cstackCOMRAM 000066
wtemp8                       temp         000080
xtoa@c                       cstackCOMRAM 000045
xtoa@d                       cstackCOMRAM 000022
xtoa@fp                      cstackCOMRAM 000020
xtoa@i                       cstackCOMRAM 000043
xtoa@n                       cstackCOMRAM 00003B
xtoa@p                       cstackCOMRAM 000037
xtoa@w                       cstackCOMRAM 000039
xtoa@x                       cstackCOMRAM 00002A


FUNCTION INFORMATION:

 *************** function _main *****************
 Defined at:
		line 47 in file "main.c"
 Parameters:    Size  Location     Type
		None
 Auto vars:     Size  Location     Type
  i               2   23[BANK0 ] unsigned int 
  keypress        1   25[BANK0 ] unsigned char 
  time            7   11[BANK0 ] unsigned char [7]
  startTimeInt    3   18[BANK0 ] unsigned char [3]
  dispMode        2   26[BANK0 ] int 
  ticks           2   21[BANK0 ] int 
 Return value:  Size  Location     Type
                  1    wreg      void 
 Registers used:
		wreg, fsr1l, fsr1h, fsr2l, fsr2h, status,2, status,0, tblptrl, tblptrh, tblptru, prodl, prodh, cstack
 Tracked objects:
		On entry : 
		On exit  : 
		Unchanged: 
 Data sizes:     COMRAM   BANK0   BANK1   BANK2   BANK3   BANK4   BANK5   BANK6   BANK7   BANK8   BANK9  BANK10  BANK11  BANK12  BANK13  BANK14  BANK15
      Params:         0       0       0       0       0       0       0       0       0       0       0       0       0       0       0       0       0
      Locals:         0      17       0       0       0       0       0       0       0       0       0       0       0       0       0       0       0
      Temps:          0       2       0       0       0       0       0       0       0       0       0       0       0       0       0       0       0
      Totals:         0      19       0       0       0       0       0       0       0       0       0       0       0       0       0       0       0
Total ram usage:       19 bytes
 Hardware stack levels required when called:   13
 This function calls:
		_I2C_Master_Init
		_getTime
		_initLCD
		_scrDoneGen
		_scrDoneMain
		_scrDonePoleDet
		_scrRunning
		_showTime
 This function is called by:
		Startup code after reset
 This function uses a non-reentrant model


 *************** function _showTime *****************
 Defined at:
		line 11 in file "./standby.h"
 Parameters:    Size  Location     Type
  pTime           2  121[COMRAM] PTR unsigned char 
		 -> main@time(7), 
 Auto vars:     Size  Location     Type
  i               1    0[BANK0 ] unsigned char 
 Return value:  Size  Location     Type
                  1    wreg      void 
 Registers used:
		wreg, fsr1l, fsr1h, fsr2l, fsr2h, status,2, status,0, tblptrl, tblptrh, tblptru, prodl, prodh, cstack
 Tracked objects:
		On entry : 
		On exit  : 
		Unchanged: 
 Data sizes:     COMRAM   BANK0   BANK1   BANK2   BANK3   BANK4   BANK5   BANK6   BANK7   BANK8   BANK9  BANK10  BANK11  BANK12  BANK13  BANK14  BANK15
      Params:         2       0       0       0       0       0       0       0       0       0       0       0       0       0       0       0       0
      Locals:         0       1       0       0       0       0       0       0       0       0       0       0       0       0       0       0       0
      Temps:          3       0       0       0       0       0       0       0       0       0       0       0       0       0       0       0       0
      Totals:         5       1       0       0       0       0       0       0       0       0       0       0       0       0       0       0       0
Total ram usage:        6 bytes
 Hardware stack levels used:    1
 Hardware stack levels required when called:   12
 This function calls:
		_I2C_Master_Read
		_I2C_Master_Start
		_I2C_Master_Stop
		_I2C_Master_Write
		_lcdInst
		_printf
 This function is called by:
		_main
 This function uses a non-reentrant model


 *************** function _scrRunning *****************
 Defined at:
		line 38 in file "./standby.h"
 Parameters:    Size  Location     Type
  time            2  121[COMRAM] PTR unsigned char 
		 -> main@startTimeInt(3), 
 Auto vars:     Size  Location     Type
  i               2    0[BANK0 ] unsigned int 
 Return value:  Size  Location     Type
                  1    wreg      void 
 Registers used:
		wreg, fsr1l, fsr1h, fsr2l, fsr2h, status,2, status,0, tblptrl, tblptrh, tblptru, prodl, prodh, cstack
 Tracked objects:
		On entry : 
		On exit  : 
		Unchanged: 
 Data sizes:     COMRAM   BANK0   BANK1   BANK2   BANK3   BANK4   BANK5   BANK6   BANK7   BANK8   BANK9  BANK10  BANK11  BANK12  BANK13  BANK14  BANK15
      Params:         2       0       0       0       0       0       0       0       0       0       0       0       0       0       0       0       0
      Locals:         0       2       0       0       0       0       0       0       0       0       0       0       0       0       0       0       0
      Temps:          2       0       0       0       0       0       0       0       0       0       0       0       0       0       0       0       0
      Totals:         4       2       0       0       0       0       0       0       0       0       0       0       0       0       0       0       0
Total ram usage:        6 bytes
 Hardware stack levels used:    1
 Hardware stack levels required when called:   12
 This function calls:
		_lcdInst
		_printf
 This function is called by:
		_main
 This function uses a non-reentrant model


 *************** function _scrDonePoleDet *****************
 Defined at:
		line 89 in file "./standby.h"
 Parameters:    Size  Location     Type
  poleData        2  121[COMRAM] PTR struct poleInfo
		 -> poleInfoArr(75), 
  currPole        2  123[COMRAM] int 
 Auto vars:     Size  Location     Type
		None
 Return value:  Size  Location     Type
                  1    wreg      void 
 Registers used:
		wreg, fsr1l, fsr1h, fsr2l, fsr2h, status,2, status,0, tblptrl, tblptrh, tblptru, prodl, prodh, cstack
 Tracked objects:
		On entry : 
		On exit  : 
		Unchanged: 
 Data sizes:     COMRAM   BANK0   BANK1   BANK2   BANK3   BANK4   BANK5   BANK6   BANK7   BANK8   BANK9  BANK10  BANK11  BANK12  BANK13  BANK14  BANK15
      Params:         4       0       0       0       0       0       0       0       0       0       0       0       0       0       0       0       0
      Locals:         0       6       0       0       0       0       0       0       0       0       0       0       0       0       0       0       0
      Temps:          0       3       0       0       0       0       0       0       0       0       0       0       0       0       0       0       0
      Totals:         4       9       0       0       0       0       0       0       0       0       0       0       0       0       0       0       0
Total ram usage:       13 bytes
 Hardware stack levels used:    1
 Hardware stack levels required when called:   12
 This function calls:
		___awdiv
		___awmod
		___wmul
		_lcdInst
		_printf
 This function is called by:
		_main
 This function uses a non-reentrant model


 *************** function ___awmod *****************
 Defined at:
		line 7 in file "C:\Program Files (x86)\Microchip\xc8\v2.05\pic\sources\c99\common\awmod.c"
 Parameters:    Size  Location     Type
  dividend        2    6[COMRAM] int 
  divisor         2    8[COMRAM] int 
 Auto vars:     Size  Location     Type
  sign            1   11[COMRAM] unsigned char 
  counter         1   10[COMRAM] unsigned char 
 Return value:  Size  Location     Type
                  2    6[COMRAM] int 
 Registers used:
		wreg, status,2, status,0
 Tracked objects:
		On entry : 
		On exit  : 
		Unchanged: 
 Data sizes:     COMRAM   BANK0   BANK1   BANK2   BANK3   BANK4   BANK5   BANK6   BANK7   BANK8   BANK9  BANK10  BANK11  BANK12  BANK13  BANK14  BANK15
      Params:         4       0       0       0       0       0       0       0       0       0       0       0       0       0       0       0       0
      Locals:         2       0       0       0       0       0       0       0       0       0       0       0       0       0       0       0       0
      Temps:          0       0       0       0       0       0       0       0       0       0       0       0       0       0       0       0       0
      Totals:         6       0       0       0       0       0       0       0       0       0       0       0       0       0       0       0       0
Total ram usage:        6 bytes
 Hardware stack levels used:    1
 Hardware stack levels required when called:    1
 This function calls:
		Nothing
 This function is called by:
		_scrDonePoleDet
 This function uses a non-reentrant model


 *************** function ___awdiv *****************
 Defined at:
		line 7 in file "C:\Program Files (x86)\Microchip\xc8\v2.05\pic\sources\c99\common\awdiv.c"
 Parameters:    Size  Location     Type
  dividend        2    6[COMRAM] int 
  divisor         2    8[COMRAM] int 
 Auto vars:     Size  Location     Type
  quotient        2   12[COMRAM] int 
  sign            1   11[COMRAM] unsigned char 
  counter         1   10[COMRAM] unsigned char 
 Return value:  Size  Location     Type
                  2    6[COMRAM] int 
 Registers used:
		wreg, status,2, status,0
 Tracked objects:
		On entry : 
		On exit  : 
		Unchanged: 
 Data sizes:     COMRAM   BANK0   BANK1   BANK2   BANK3   BANK4   BANK5   BANK6   BANK7   BANK8   BANK9  BANK10  BANK11  BANK12  BANK13  BANK14  BANK15
      Params:         4       0       0       0       0       0       0       0       0       0       0       0       0       0       0       0       0
      Locals:         4       0       0       0       0       0       0       0       0       0       0       0       0       0       0       0       0
      Temps:          0       0       0       0       0       0       0       0       0       0       0       0       0       0       0       0       0
      Totals:         8       0       0       0       0       0       0       0       0       0       0       0       0       0       0       0       0
Total ram usage:        8 bytes
 Hardware stack levels used:    1
 Hardware stack levels required when called:    1
 This function calls:
		Nothing
 This function is called by:
		_scrDonePoleDet
 This function uses a non-reentrant model


 *************** function _scrDoneMain *****************
 Defined at:
		line 58 in file "./standby.h"
 Parameters:    Size  Location     Type
		None
 Auto vars:     Size  Location     Type
		None
 Return value:  Size  Location     Type
                  1    wreg      void 
 Registers used:
		wreg, fsr1l, fsr1h, fsr2l, fsr2h, status,2, status,0, tblptrl, tblptrh, tblptru, prodl, prodh, cstack
 Tracked objects:
		On entry : 
		On exit  : 
		Unchanged: 
 Data sizes:     COMRAM   BANK0   BANK1   BANK2   BANK3   BANK4   BANK5   BANK6   BANK7   BANK8   BANK9  BANK10  BANK11  BANK12  BANK13  BANK14  BANK15
      Params:         0       0       0       0       0       0       0       0       0       0       0       0       0       0       0       0       0
      Locals:         0       0       0       0       0       0       0       0       0       0       0       0       0       0       0       0       0
      Temps:          1       0       0       0       0       0       0       0       0       0       0       0       0       0       0       0       0
      Totals:         1       0       0       0       0       0       0       0       0       0       0       0       0       0       0       0       0
Total ram usage:        1 bytes
 Hardware stack levels used:    1
 Hardware stack levels required when called:   12
 This function calls:
		_lcdInst
		_printf
 This function is called by:
		_main
 This function uses a non-reentrant model


 *************** function _scrDoneGen *****************
 Defined at:
		line 69 in file "./standby.h"
 Parameters:    Size  Location     Type
  time            2  121[COMRAM] unsigned int 
  tireCount       1  123[COMRAM] unsigned char 
  poles           1  124[COMRAM] unsigned char 
 Auto vars:     Size  Location     Type
		None
 Return value:  Size  Location     Type
                  1    wreg      void 
 Registers used:
		wreg, fsr1l, fsr1h, fsr2l, fsr2h, status,2, status,0, tblptrl, tblptrh, tblptru, prodl, prodh, cstack
 Tracked objects:
		On entry : 
		On exit  : 
		Unchanged: 
 Data sizes:     COMRAM   BANK0   BANK1   BANK2   BANK3   BANK4   BANK5   BANK6   BANK7   BANK8   BANK9  BANK10  BANK11  BANK12  BANK13  BANK14  BANK15
      Params:         4       0       0       0       0       0       0       0       0       0       0       0       0       0       0       0       0
      Locals:         0       0       0       0       0       0       0       0       0       0       0       0       0       0       0       0       0
      Temps:          1       0       0       0       0       0       0       0       0       0       0       0       0       0       0       0       0
      Totals:         5       0       0       0       0       0       0       0       0       0       0       0       0       0       0       0       0
Total ram usage:        5 bytes
 Hardware stack levels used:    1
 Hardware stack levels required when called:   12
 This function calls:
		_lcdInst
		_printf
 This function is called by:
		_main
 This function uses a non-reentrant model


 *************** function _printf *****************
 Defined at:
		line 5 in file "C:\Program Files (x86)\Microchip\xc8\v2.05\pic\sources\c99\common\printf.c"
 Parameters:    Size  Location     Type
  fmt             2  109[COMRAM] PTR const unsigned char 
		 -> STR_22(17), STR_21(20), STR_20(20), STR_19(23), 
		 -> STR_18(17), STR_17(19), STR_16(19), STR_15(18), 
		 -> STR_14(17), STR_13(17), STR_12(17), STR_11(17), 
		 -> STR_10(2), STR_9(5), STR_8(17), STR_7(17), 
		 -> STR_6(17), STR_5(17), STR_4(17), STR_3(23), 
		 -> STR_2(23), STR_1(17), 
 Auto vars:     Size  Location     Type
  ap              2  119[COMRAM] PTR void [1]
		 -> ?_printf(2), 
  ret             2    0        int 
 Return value:  Size  Location     Type
                  2  109[COMRAM] int 
 Registers used:
		wreg, fsr1l, fsr1h, fsr2l, fsr2h, status,2, status,0, tblptrl, tblptrh, tblptru, prodl, prodh, cstack
 Tracked objects:
		On entry : 
		On exit  : 
		Unchanged: 
 Data sizes:     COMRAM   BANK0   BANK1   BANK2   BANK3   BANK4   BANK5   BANK6   BANK7   BANK8   BANK9  BANK10  BANK11  BANK12  BANK13  BANK14  BANK15
      Params:         8       0       0       0       0       0       0       0       0       0       0       0       0       0       0       0       0
      Locals:         4       0       0       0       0       0       0       0       0       0       0       0       0       0       0       0       0
      Temps:          0       0       0       0       0       0       0       0       0       0       0       0       0       0       0       0       0
      Totals:        12       0       0       0       0       0       0       0       0       0       0       0       0       0       0       0       0
Total ram usage:       12 bytes
 Hardware stack levels used:    1
 Hardware stack levels required when called:   11
 This function calls:
		_vfprintf
 This function is called by:
		_showTime
		_scrRunning
		_scrDoneMain
		_scrDoneGen
		_scrDonePoleDet
 This function uses a non-reentrant model


 *************** function _vfprintf *****************
 Defined at:
		line 1368 in file "C:\Program Files (x86)\Microchip\xc8\v2.05\pic\sources\c99\common\doprnt.c"
 Parameters:    Size  Location     Type
  fp              2  101[COMRAM] PTR struct _IO_FILE
		 -> NULL(0), 
  fmt             2  103[COMRAM] PTR const unsigned char 
		 -> STR_22(17), STR_21(20), STR_20(20), STR_19(23), 
		 -> STR_18(17), STR_17(19), STR_16(19), STR_15(18), 
		 -> STR_14(17), STR_13(17), STR_12(17), STR_11(17), 
		 -> STR_10(2), STR_9(5), STR_8(17), STR_7(17), 
		 -> STR_6(17), STR_5(17), STR_4(17), STR_3(23), 
		 -> STR_2(23), STR_1(17), 
  ap              2  105[COMRAM] PTR PTR void 
		 -> printf@ap(2), 
 Auto vars:     Size  Location     Type
  cfmt            2  107[COMRAM] PTR unsigned char 
		 -> STR_22(17), STR_21(20), STR_20(20), STR_19(23), 
		 -> STR_18(17), STR_17(19), STR_16(19), STR_15(18), 
		 -> STR_14(17), STR_13(17), STR_12(17), STR_11(17), 
		 -> STR_10(2), STR_9(5), STR_8(17), STR_7(17), 
		 -> STR_6(17), STR_5(17), STR_4(17), STR_3(23), 
		 -> STR_2(23), STR_1(17), 
 Return value:  Size  Location     Type
                  2  101[COMRAM] int 
 Registers used:
		wreg, fsr1l, fsr1h, fsr2l, fsr2h, status,2, status,0, tblptrl, tblptrh, tblptru, prodl, prodh, cstack
 Tracked objects:
		On entry : 
		On exit  : 
		Unchanged: 
 Data sizes:     COMRAM   BANK0   BANK1   BANK2   BANK3   BANK4   BANK5   BANK6   BANK7   BANK8   BANK9  BANK10  BANK11  BANK12  BANK13  BANK14  BANK15
      Params:         6       0       0       0       0       0       0       0       0       0       0       0       0       0       0       0       0
      Locals:         2       0       0       0       0       0       0       0       0       0       0       0       0       0       0       0       0
      Temps:          0       0       0       0       0       0       0       0       0       0       0       0       0       0       0       0       0
      Totals:         8       0       0       0       0       0       0       0       0       0       0       0       0       0       0       0       0
Total ram usage:        8 bytes
 Hardware stack levels used:    1
 Hardware stack levels required when called:   10
 This function calls:
		_vfpfcnvrt
 This function is called by:
		_printf
 This function uses a non-reentrant model


 *************** function _vfpfcnvrt *****************
 Defined at:
		line 670 in file "C:\Program Files (x86)\Microchip\xc8\v2.05\pic\sources\c99\common\doprnt.c"
 Parameters:    Size  Location     Type
  fp              2   70[COMRAM] PTR struct _IO_FILE
		 -> NULL(0), 
  fmt             2   72[COMRAM] PTR PTR unsigned char 
		 -> vfprintf@cfmt(2), 
  ap              2   74[COMRAM] PTR PTR void 
		 -> printf@ap(2), 
 Auto vars:     Size  Location     Type
  llu             8   88[COMRAM] unsigned long long 
  ll              8   80[COMRAM] long long 
  f               4    0        long long 
  vp              3    0        PTR void 
  ct              3    0        unsigned char [3]
  cp              3    0        PTR unsigned char 
  done            2   96[COMRAM] int 
  i               2    0        int 
  c               1  100[COMRAM] unsigned char 
 Return value:  Size  Location     Type
                  2   70[COMRAM] int 
 Registers used:
		wreg, fsr1l, fsr1h, fsr2l, fsr2h, status,2, status,0, tblptrl, tblptrh, tblptru, prodl, prodh, cstack
 Tracked objects:
		On entry : 
		On exit  : 
		Unchanged: 
 Data sizes:     COMRAM   BANK0   BANK1   BANK2   BANK3   BANK4   BANK5   BANK6   BANK7   BANK8   BANK9  BANK10  BANK11  BANK12  BANK13  BANK14  BANK15
      Params:         6       0       0       0       0       0       0       0       0       0       0       0       0       0       0       0       0
      Locals:        21       0       0       0       0       0       0       0       0       0       0       0       0       0       0       0       0
      Temps:          4       0       0       0       0       0       0       0       0       0       0       0       0       0       0       0       0
      Totals:        31       0       0       0       0       0       0       0       0       0       0       0       0       0       0       0       0
Total ram usage:       31 bytes
 Hardware stack levels used:    1
 Hardware stack levels required when called:    9
 This function calls:
		_atoi
		_dtoa
		_fputc
		_isdigit
		_xtoa
 This function is called by:
		_vfprintf
 This function uses a non-reentrant model


 *************** function _xtoa *****************
 Defined at:
		line 623 in file "C:\Program Files (x86)\Microchip\xc8\v2.05\pic\sources\c99\common\doprnt.c"
 Parameters:    Size  Location     Type
  fp              2   31[COMRAM] PTR struct _IO_FILE
		 -> NULL(0), 
  d               8   33[COMRAM] unsigned long long 
  x               1   41[COMRAM] unsigned char 
 Auto vars:     Size  Location     Type
  n               8   58[COMRAM] unsigned long long 
  c               2   68[COMRAM] int 
  i               2   66[COMRAM] int 
  w               2   56[COMRAM] int 
  p               2   54[COMRAM] int 
 Return value:  Size  Location     Type
                  2   31[COMRAM] int 
 Registers used:
		wreg, fsr1l, fsr1h, fsr2l, fsr2h, status,2, status,0, cstack
 Tracked objects:
		On entry : 
		On exit  : 
		Unchanged: 
 Data sizes:     COMRAM   BANK0   BANK1   BANK2   BANK3   BANK4   BANK5   BANK6   BANK7   BANK8   BANK9  BANK10  BANK11  BANK12  BANK13  BANK14  BANK15
      Params:        11       0       0       0       0       0       0       0       0       0       0       0       0       0       0       0       0
      Locals:        20       0       0       0       0       0       0       0       0       0       0       0       0       0       0       0       0
      Temps:          8       0       0       0       0       0       0       0       0       0       0       0       0       0       0       0       0
      Totals:        39       0       0       0       0       0       0       0       0       0       0       0       0       0       0       0       0
Total ram usage:       39 bytes
 Hardware stack levels used:    1
 Hardware stack levels required when called:    8
 This function calls:
		_isalpha
		_isupper
		_pad
		_toupper
 This function is called by:
		_vfpfcnvrt
 This function uses a non-reentrant model


 *************** function _toupper *****************
 Defined at:
		line 4 in file "C:\Program Files (x86)\Microchip\xc8\v2.05\pic\sources\c99\common\toupper.c"
 Parameters:    Size  Location     Type
  c               2    6[COMRAM] int 
 Auto vars:     Size  Location     Type
		None
 Return value:  Size  Location     Type
                  2    6[COMRAM] int 
 Registers used:
		wreg, status,2, status,0
 Tracked objects:
		On entry : 
		On exit  : 
		Unchanged: 
 Data sizes:     COMRAM   BANK0   BANK1   BANK2   BANK3   BANK4   BANK5   BANK6   BANK7   BANK8   BANK9  BANK10  BANK11  BANK12  BANK13  BANK14  BANK15
      Params:         2       0       0       0       0       0       0       0       0       0       0       0       0       0       0       0       0
      Locals:         2       0       0       0       0       0       0       0       0       0       0       0       0       0       0       0       0
      Temps:          4       0       0       0       0       0       0       0       0       0       0       0       0       0       0       0       0
      Totals:         8       0       0       0       0       0       0       0       0       0       0       0       0       0       0       0       0
Total ram usage:        8 bytes
 Hardware stack levels used:    1
 Hardware stack levels required when called:    2
 This function calls:
		_islower
 This function is called by:
		_xtoa
 This function uses a non-reentrant model


 *************** function _islower *****************
 Defined at:
		line 5 in file "C:\Program Files (x86)\Microchip\xc8\v2.05\pic\sources\c99\common\islower.c"
 Parameters:    Size  Location     Type
  c               2    0[COMRAM] int 
 Auto vars:     Size  Location     Type
		None
 Return value:  Size  Location     Type
                  2    0[COMRAM] int 
 Registers used:
		wreg, status,2, status,0
 Tracked objects:
		On entry : 
		On exit  : 
		Unchanged: 
 Data sizes:     COMRAM   BANK0   BANK1   BANK2   BANK3   BANK4   BANK5   BANK6   BANK7   BANK8   BANK9  BANK10  BANK11  BANK12  BANK13  BANK14  BANK15
      Params:         2       0       0       0       0       0       0       0       0       0       0       0       0       0       0       0       0
      Locals:         0       0       0       0       0       0       0       0       0       0       0       0       0       0       0       0       0
      Temps:          4       0       0       0       0       0       0       0       0       0       0       0       0       0       0       0       0
      Totals:         6       0       0       0       0       0       0       0       0       0       0       0       0       0       0       0       0
Total ram usage:        6 bytes
 Hardware stack levels used:    1
 Hardware stack levels required when called:    1
 This function calls:
		Nothing
 This function is called by:
		_toupper
 This function uses a non-reentrant model


 *************** function _isupper *****************
 Defined at:
		line 5 in file "C:\Program Files (x86)\Microchip\xc8\v2.05\pic\sources\c99\common\isupper.c"
 Parameters:    Size  Location     Type
  c               2    0[COMRAM] int 
 Auto vars:     Size  Location     Type
		None
 Return value:  Size  Location     Type
                  2    0[COMRAM] int 
 Registers used:
		wreg, status,2, status,0
 Tracked objects:
		On entry : 
		On exit  : 
		Unchanged: 
 Data sizes:     COMRAM   BANK0   BANK1   BANK2   BANK3   BANK4   BANK5   BANK6   BANK7   BANK8   BANK9  BANK10  BANK11  BANK12  BANK13  BANK14  BANK15
      Params:         2       0       0       0       0       0       0       0       0       0       0       0       0       0       0       0       0
      Locals:         0       0       0       0       0       0       0       0       0       0       0       0       0       0       0       0       0
      Temps:          4       0       0       0       0       0       0       0       0       0       0       0       0       0       0       0       0
      Totals:         6       0       0       0       0       0       0       0       0       0       0       0       0       0       0       0       0
Total ram usage:        6 bytes
 Hardware stack levels used:    1
 Hardware stack levels required when called:    1
 This function calls:
		Nothing
 This function is called by:
		_xtoa
 This function uses a non-reentrant model


 *************** function _isalpha *****************
 Defined at:
		line 5 in file "C:\Program Files (x86)\Microchip\xc8\v2.05\pic\sources\c99\common\isalpha.c"
 Parameters:    Size  Location     Type
  c               2    0[COMRAM] int 
 Auto vars:     Size  Location     Type
		None
 Return value:  Size  Location     Type
                  2    0[COMRAM] int 
 Registers used:
		wreg, status,2, status,0
 Tracked objects:
		On entry : 
		On exit  : 
		Unchanged: 
 Data sizes:     COMRAM   BANK0   BANK1   BANK2   BANK3   BANK4   BANK5   BANK6   BANK7   BANK8   BANK9  BANK10  BANK11  BANK12  BANK13  BANK14  BANK15
      Params:         2       0       0       0       0       0       0       0       0       0       0       0       0       0       0       0       0
      Locals:         0       0       0       0       0       0       0       0       0       0       0       0       0       0       0       0       0
      Temps:          4       0       0       0       0       0       0       0       0       0       0       0       0       0       0       0       0
      Totals:         6       0       0       0       0       0       0       0       0       0       0       0       0       0       0       0       0
Total ram usage:        6 bytes
 Hardware stack levels used:    1
 Hardware stack levels required when called:    1
 This function calls:
		Nothing
 This function is called by:
		_xtoa
 This function uses a non-reentrant model


 *************** function _dtoa *****************
 Defined at:
		line 274 in file "C:\Program Files (x86)\Microchip\xc8\v2.05\pic\sources\c99\common\doprnt.c"
 Parameters:    Size  Location     Type
  fp              2   31[COMRAM] PTR struct _IO_FILE
		 -> NULL(0), 
  d               8   33[COMRAM] long long 
 Auto vars:     Size  Location     Type
  n               8   57[COMRAM] long long 
  i               2   65[COMRAM] int 
  s               2   55[COMRAM] int 
  w               2   53[COMRAM] int 
  p               2   51[COMRAM] int 
 Return value:  Size  Location     Type
                  2   31[COMRAM] int 
 Registers used:
		wreg, fsr1l, fsr1h, fsr2l, fsr2h, status,2, status,0, cstack
 Tracked objects:
		On entry : 
		On exit  : 
		Unchanged: 
 Data sizes:     COMRAM   BANK0   BANK1   BANK2   BANK3   BANK4   BANK5   BANK6   BANK7   BANK8   BANK9  BANK10  BANK11  BANK12  BANK13  BANK14  BANK15
      Params:        10       0       0       0       0       0       0       0       0       0       0       0       0       0       0       0       0
      Locals:        18       0       0       0       0       0       0       0       0       0       0       0       0       0       0       0       0
      Temps:          8       0       0       0       0       0       0       0       0       0       0       0       0       0       0       0       0
      Totals:        36       0       0       0       0       0       0       0       0       0       0       0       0       0       0       0       0
Total ram usage:       36 bytes
 Hardware stack levels used:    1
 Hardware stack levels required when called:    8
 This function calls:
		___aodiv
		___aomod
		_abs
		_pad
 This function is called by:
		_vfpfcnvrt
 This function uses a non-reentrant model


 *************** function _pad *****************
 Defined at:
		line 72 in file "C:\Program Files (x86)\Microchip\xc8\v2.05\pic\sources\c99\common\doprnt.c"
 Parameters:    Size  Location     Type
  fp              2   20[COMRAM] PTR struct _IO_FILE
		 -> NULL(0), 
  buf             2   22[COMRAM] PTR unsigned char 
		 -> dbuf(32), 
  p               2   24[COMRAM] int 
 Auto vars:     Size  Location     Type
  w               2   29[COMRAM] int 
  i               2   27[COMRAM] int 
 Return value:  Size  Location     Type
                  2   20[COMRAM] int 
 Registers used:
		wreg, fsr1l, fsr1h, fsr2l, fsr2h, status,2, status,0, cstack
 Tracked objects:
		On entry : 
		On exit  : 
		Unchanged: 
 Data sizes:     COMRAM   BANK0   BANK1   BANK2   BANK3   BANK4   BANK5   BANK6   BANK7   BANK8   BANK9  BANK10  BANK11  BANK12  BANK13  BANK14  BANK15
      Params:         6       0       0       0       0       0       0       0       0       0       0       0       0       0       0       0       0
      Locals:         4       0       0       0       0       0       0       0       0       0       0       0       0       0       0       0       0
      Temps:          1       0       0       0       0       0       0       0       0       0       0       0       0       0       0       0       0
      Totals:        11       0       0       0       0       0       0       0       0       0       0       0       0       0       0       0       0
Total ram usage:       11 bytes
 Hardware stack levels used:    1
 Hardware stack levels required when called:    7
 This function calls:
		_fputc
		_fputs
		_strlen
 This function is called by:
		_dtoa
		_xtoa
 This function uses a non-reentrant model


 *************** function _strlen *****************
 Defined at:
		line 12 in file "C:\Program Files (x86)\Microchip\xc8\v2.05\pic\sources\c99\common\strlen.c"
 Parameters:    Size  Location     Type
  s               2    0[COMRAM] PTR const unsigned char 
		 -> dbuf(32), 
 Auto vars:     Size  Location     Type
  a               2    2[COMRAM] PTR const unsigned char 
		 -> dbuf(32), 
 Return value:  Size  Location     Type
                  2    0[COMRAM] unsigned int 
 Registers used:
		wreg, fsr2l, fsr2h, status,2, status,0
 Tracked objects:
		On entry : 
		On exit  : 
		Unchanged: 
 Data sizes:     COMRAM   BANK0   BANK1   BANK2   BANK3   BANK4   BANK5   BANK6   BANK7   BANK8   BANK9  BANK10  BANK11  BANK12  BANK13  BANK14  BANK15
      Params:         2       0       0       0       0       0       0       0       0       0       0       0       0       0       0       0       0
      Locals:         2       0       0       0       0       0       0       0       0       0       0       0       0       0       0       0       0
[...]
Total ram usage:        1 bytes
 Hardware stack levels used:    1
 Hardware stack levels required when called:    1
 This function calls:
		Nothing
 This function is called by:
		_send_nibble
 This function uses a non-reentrant model


 *************** function _getTime *****************
 Defined at:
		line 7 in file "./getTime.h"
 Parameters:    Size  Location     Type
  pTime           2    3[COMRAM] PTR unsigned char 
		 -> main@time(7), 
 Auto vars:     Size  Location     Type
  i               1    5[COMRAM] unsigned char 
 Return value:  Size  Location     Type
                  1    wreg      void 
 Registers used:
		wreg, fsr2l, fsr2h, status,2, status,0, cstack
 Tracked objects:
		On entry : 
		On exit  : 
		Unchanged: 
 Data sizes:     COMRAM   BANK0   BANK1   BANK2   BANK3   BANK4   BANK5   BANK6   BANK7   BANK8   BANK9  BANK10  BANK11  BANK12  BANK13  BANK14  BANK15
      Params:         2       0       0       0       0       0       0       0       0       0       0       0       0       0       0       0       0
      Locals:         1       0       0       0       0       0       0       0       0       0       0       0       0       0       0       0       0
      Temps:          0       0       0       0       0       0       0       0       0       0       0       0       0       0       0       0       0
      Totals:         3       0       0       0       0       0       0       0       0       0       0       0       0       0       0       0       0
Total ram usage:        3 bytes
 Hardware stack levels used:    1
 Hardware stack levels required when called:    3
 This function calls:
		_I2C_Master_Read
		_I2C_Master_Start
		_I2C_Master_Stop
		_I2C_Master_Write
 This function is called by:
		_main
 This function uses a non-reentrant model


 *************** function _I2C_Master_Write *****************
 Defined at:
		line 70 in file "I2C.c"
 Parameters:    Size  Location     Type
  byteToWrite     2    1[COMRAM] unsigned int 
 Auto vars:     Size  Location     Type
		None
 Return value:  Size  Location     Type
                  1    wreg      void 
 Registers used:
		wreg, status,2, status,0, cstack
 Tracked objects:
		On entry : 
		On exit  : 
		Unchanged: 
 Data sizes:     COMRAM   BANK0   BANK1   BANK2   BANK3   BANK4   BANK5   BANK6   BANK7   BANK8   BANK9  BANK10  BANK11  BANK12  BANK13  BANK14  BANK15
      Params:         2       0       0       0       0       0       0       0       0       0       0       0       0       0       0       0       0
      Locals:         0       0       0       0       0       0       0       0       0       0       0       0       0       0       0       0       0
      Temps:          0       0       0       0       0       0       0       0       0       0       0       0       0       0       0       0       0
      Totals:         2       0       0       0       0       0       0       0       0       0       0       0       0       0       0       0       0
Total ram usage:        2 bytes
 Hardware stack levels used:    1
 Hardware stack levels required when called:    2
 This function calls:
		_I2C_Master_Wait
 This function is called by:
		_showTime
		_getTime
 This function uses a non-reentrant model


 *************** function _I2C_Master_Stop *****************
 Defined at:
		line 65 in file "I2C.c"
 Parameters:    Size  Location     Type
		None
 Auto vars:     Size  Location     Type
		None
 Return value:  Size  Location     Type
                  1    wreg      void 
 Registers used:
		wreg, status,2, status,0, cstack
 Tracked objects:
		On entry : 
		On exit  : 
		Unchanged: 
 Data sizes:     COMRAM   BANK0   BANK1   BANK2   BANK3   BANK4   BANK5   BANK6   BANK7   BANK8   BANK9  BANK10  BANK11  BANK12  BANK13  BANK14  BANK15
      Params:         0       0       0       0       0       0       0       0       0       0       0       0       0       0       0       0       0
      Locals:         0       0       0       0       0       0       0       0       0       0       0       0       0       0       0       0       0
      Temps:          0       0       0       0       0       0       0       0       0       0       0       0       0       0       0       0       0
      Totals:         0       0       0       0       0       0       0       0       0       0       0       0       0       0       0       0       0
Total ram usage:        0 bytes
 Hardware stack levels used:    1
 Hardware stack levels required when called:    2
 This function calls:
		_I2C_Master_Wait
 This function is called by:
		_showTime
		_getTime
 This function uses a non-reentrant model


 *************** function _I2C_Master_Start *****************
 Defined at:
		line 55 in file "I2C.c"
 Parameters:    Size  Location     Type
		None
 Auto vars:     Size  Location     Type
		None
 Return value:  Size  Location     Type
                  1    wreg      void 
 Registers used:
		wreg, status,2, status,0, cstack
 Tracked objects:
		On entry : 
		On exit  : 
		Unchanged: 
 Data sizes:     COMRAM   BANK0   BANK1   BANK2   BANK3   BANK4   BANK5   BANK6   BANK7   BANK8   BANK9  BANK10  BANK11  BANK12  BANK13  BANK14  BANK15
      Params:         0       0       0       0       0       0       0       0       0       0       0       0       0       0       0       0       0
      Locals:         0       0       0       0       0       0       0       0       0       0       0       0       0       0       0       0       0
      Temps:          0       0       0       0       0       0       0       0       0       0       0       0       0       0       0       0       0
      Totals:         0       0       0       0       0       0       0       0       0       0       0       0       0       0       0       0       0
Total ram usage:        0 bytes
 Hardware stack levels used:    1
 Hardware stack levels required when called:    2
 This function calls:
		_I2C_Master_Wait
 This function is called by:
		_showTime
		_getTime
 This function uses a non-reentrant model


 *************** function _I2C_Master_Read *****************
 Defined at:
		line 77 in file "I2C.c"
 Parameters:    Size  Location     Type
  ackBit          1    wreg     unsigned char 
 Auto vars:     Size  Location     Type
  ackBit          1    1[COMRAM] unsigned char 
  receivedByte    1    2[COMRAM] unsigned char 
 Return value:  Size  Location     Type
                  1    wreg      unsigned char 
 Registers used:
		wreg, status,2, status,0, cstack
 Tracked objects:
		On entry : 
		On exit  : 
		Unchanged: 
 Data sizes:     COMRAM   BANK0   BANK1   BANK2   BANK3   BANK4   BANK5   BANK6   BANK7   BANK8   BANK9  BANK10  BANK11  BANK12  BANK13  BANK14  BANK15
      Params:         0       0       0       0       0       0       0       0       0       0       0       0       0       0       0       0       0
      Locals:         2       0       0       0       0       0       0       0       0       0       0       0       0       0       0       0       0
      Temps:          0       0       0       0       0       0       0       0       0       0       0       0       0       0       0       0       0
      Totals:         2       0       0       0       0       0       0       0       0       0       0       0       0       0       0       0       0
Total ram usage:        2 bytes
 Hardware stack levels used:    1
 Hardware stack levels required when called:    2
 This function calls:
		_I2C_Master_Wait
 This function is called by:
		_showTime
		_getTime
 This function uses a non-reentrant model


 *************** function _I2C_Master_Wait *****************
 Defined at:
		line 21 in file "I2C.c"
 Parameters:    Size  Location     Type
		None
 Auto vars:     Size  Location     Type
		None
 Return value:  Size  Location     Type
                  1    wreg      void 
 Registers used:
		wreg, status,2, status,0
 Tracked objects:
		On entry : 
		On exit  : 
		Unchanged: 
 Data sizes:     COMRAM   BANK0   BANK1   BANK2   BANK3   BANK4   BANK5   BANK6   BANK7   BANK8   BANK9  BANK10  BANK11  BANK12  BANK13  BANK14  BANK15
      Params:         0       0       0       0       0       0       0       0       0       0       0       0       0       0       0       0       0
      Locals:         0       0       0       0       0       0       0       0       0       0       0       0       0       0       0       0       0
      Temps:          1       0       0       0       0       0       0       0       0       0       0       0       0       0       0       0       0
      Totals:         1       0       0       0       0       0       0       0       0       0       0       0       0       0       0       0       0
Total ram usage:        1 bytes
 Hardware stack levels used:    1
 Hardware stack levels required when called:    1
 This function calls:
		Nothing
 This function is called by:
		_I2C_Master_Start
		_I2C_Master_Stop
		_I2C_Master_Write
		_I2C_Master_Read
		_I2C_Master_RepeatedStart
 This function uses a non-reentrant model


 *************** function _I2C_Master_Init *****************
 Defined at:
		line 32 in file "I2C.c"
 Parameters:    Size  Location     Type
  clockFreq       4   13[COMRAM] const unsigned long 
 Auto vars:     Size  Location     Type
		None
 Return value:  Size  Location     Type
                  1    wreg      void 
 Registers used:
		wreg, status,2, status,0, cstack
 Tracked objects:
		On entry : 
		On exit  : 
		Unchanged: 
 Data sizes:     COMRAM   BANK0   BANK1   BANK2   BANK3   BANK4   BANK5   BANK6   BANK7   BANK8   BANK9  BANK10  BANK11  BANK12  BANK13  BANK14  BANK15
      Params:         4       0       0       0       0       0       0       0       0       0       0       0       0       0       0       0       0
      Locals:         0       0       0       0       0       0       0       0       0       0       0       0       0       0       0       0       0
      Temps:          4       0       0       0       0       0       0       0       0       0       0       0       0       0       0       0       0
      Totals:         8       0       0       0       0       0       0       0       0       0       0       0       0       0       0       0       0
Total ram usage:        8 bytes
 Hardware stack levels used:    1
 Hardware stack levels required when called:    2
 This function calls:
		___lldiv
 This function is called by:
		_main
 This function uses a non-reentrant model


 *************** function ___lldiv *****************
 Defined at:
		line 7 in file "C:\Program Files (x86)\Microchip\xc8\v2.05\pic\sources\c99\common\__lldiv.c"
 Parameters:    Size  Location     Type
  dividend        4    0[COMRAM] unsigned long 
  divisor         4    4[COMRAM] unsigned long 
 Auto vars:     Size  Location     Type
  quotient        4    8[COMRAM] unsigned long 
  counter         1   12[COMRAM] unsigned char 
 Return value:  Size  Location     Type
                  4    0[COMRAM] unsigned long 
 Registers used:
		wreg, status,2, status,0
 Tracked objects:
		On entry : 
		On exit  : 
		Unchanged: 
 Data sizes:     COMRAM   BANK0   BANK1   BANK2   BANK3   BANK4   BANK5   BANK6   BANK7   BANK8   BANK9  BANK10  BANK11  BANK12  BANK13  BANK14  BANK15
      Params:         8       0       0       0       0       0       0       0       0       0       0       0       0       0       0       0       0
      Locals:         5       0       0       0       0       0       0       0       0       0       0       0       0       0       0       0       0
      Temps:          0       0       0       0       0       0       0       0       0       0       0       0       0       0       0       0       0
      Totals:        13       0       0       0       0       0       0       0       0       0       0       0       0       0       0       0       0
Total ram usage:       13 bytes
 Hardware stack levels used:    1
 Hardware stack levels required when called:    1
 This function calls:
		Nothing
 This function is called by:
		_I2C_Master_Init
 This function uses a non-reentrant model


 *************** function _interruptHandler *****************
 Defined at:
		line 152 in file "main.c"
 Parameters:    Size  Location     Type
		None
 Auto vars:     Size  Location     Type
		None
 Return value:  Size  Location     Type
                  1    wreg      void 
 Registers used:
		wreg, status,2
 Tracked objects:
		On entry : 
		On exit  : 
		Unchanged: 
 Data sizes:     COMRAM   BANK0   BANK1   BANK2   BANK3   BANK4   BANK5   BANK6   BANK7   BANK8   BANK9  BANK10  BANK11  BANK12  BANK13  BANK14  BANK15
      Params:         0       0       0       0       0       0       0       0       0       0       0       0       0       0       0       0       0
      Locals:         0       0       0       0       0       0       0       0       0       0       0       0       0       0       0       0       0
      Temps:          0       0       0       0       0       0       0       0       0       0       0       0       0       0       0       0       0
      Totals:         0       0       0       0       0       0       0       0       0       0       0       0       0       0       0       0       0
Total ram usage:        0 bytes
 Hardware stack levels used:    1
 This function calls:
		Nothing
 This function is called by:
		Interrupt level 2
 This function uses a non-reentrant model



MODULE INFORMATION

Module		Function		Class		Link	Load	Size
C:\Program Files (x86)\Microchip\xc8\v2.05\pic\sources\c99\common\awmod.c
		___awmod       		CODE           	13D4	0000	113

C:\Program Files (x86)\Microchip\xc8\v2.05\pic\sources\c99\common\awmod.c estimated size: 113

C:\Program Files (x86)\Microchip\xc8\v2.05\pic\sources\c99\common\printf.c
		_printf        		CODE           	192E	0000	39

C:\Program Files (x86)\Microchip\xc8\v2.05\pic\sources\c99\common\printf.c estimated size: 39

C:\Program Files (x86)\Microchip\xc8\v2.05\pic\sources\c99\common\nf_fputc.c
		_fputc         		CODE           	14B2	0000	109

C:\Program Files (x86)\Microchip\xc8\v2.05\pic\sources\c99\common\nf_fputc.c estimated size: 109

C:\Program Files (x86)\Microchip\xc8\v2.05\pic\sources\c99\common\islower.c
		_islower       		CODE           	1824	0000	49

C:\Program Files (x86)\Microchip\xc8\v2.05\pic\sources\c99\common\islower.c estimated size: 49

I2C.c
		_I2C_Master_Read		CODE           	197A	0000	37
		_I2C_Master_Wait		CODE           	19C6	0000	19
		_I2C_Master_Init		CODE           	15F2	0000	93
		_I2C_Master_Stop		CODE           	1A0C	0000	9
		_I2C_Master_Write		CODE           	1A02	0000	11
		_I2C_Master_Start		CODE           	1A14	0000	9

I2C.c estimated size: 178

C:\Program Files (x86)\Microchip\xc8\v2.05\pic\sources\c99\common\aodiv.c
		___aodiv       		CODE           	0C74	0000	329

C:\Program Files (x86)\Microchip\xc8\v2.05\pic\sources\c99\common\aodiv.c estimated size: 329

C:\Program Files (x86)\Microchip\xc8\v2.05\pic\sources\c99\common\isupper.c
		_isupper       		CODE           	1854	0000	49

C:\Program Files (x86)\Microchip\xc8\v2.05\pic\sources\c99\common\isupper.c estimated size: 49

C:\Program Files (x86)\Microchip\xc8\v2.05\pic\sources\c99\common\toupper.c
		_toupper       		CODE           	16FE	0000	75

C:\Program Files (x86)\Microchip\xc8\v2.05\pic\sources\c99\common\toupper.c estimated size: 75

C:\Program Files (x86)\Microchip\xc8\v2.05\pic\sources\c99\common\strlen.c
		_strlen        		CODE           	18B4	0000	43

C:\Program Files (x86)\Microchip\xc8\v2.05\pic\sources\c99\common\strlen.c estimated size: 43

C:\Program Files (x86)\Microchip\xc8\v2.05\pic\sources\c99\common\isspace.c
		_isspace       		CODE           	1748	0000	63

C:\Program Files (x86)\Microchip\xc8\v2.05\pic\sources\c99\common\isspace.c estimated size: 63

C:\Program Files (x86)\Microchip\xc8\v2.05\pic\sources\c99\common\awdiv.c
		___awdiv       		CODE           	12CE	0000	133

C:\Program Files (x86)\Microchip\xc8\v2.05\pic\sources\c99\common\awdiv.c estimated size: 133

C:\Program Files (x86)\Microchip\xc8\v2.05\pic\sources\c99\common\__lldiv.c
		___lldiv       		CODE           	1352	0000	131

C:\Program Files (x86)\Microchip\xc8\v2.05\pic\sources\c99\common\__lldiv.c estimated size: 131

C:\Program Files (x86)\Microchip\xc8\v2.05\pic\sources\c99\common\doprnt.c
		_vfpfcnvrt     		CODE           	0012	0000	945
		_pad           		CODE           	1234	0000	155
		_dtoa          		CODE           	063C	0000	583
		_vfprintf      		CODE           	16A8	0000	87
		_xtoa          		CODE           	0882	0000	561

C:\Program Files (x86)\Microchip\xc8\v2.05\pic\sources\c99\common\doprnt.c estimated size: 2331

shared
		_LCD_LINE1_ADDR		MEDIUMCONST    	FE93	0000	2
		_LCD_LINE2_ADDR		MEDIUMCONST    	0000	0000	0
		_LCD_LINE3_ADDR		MEDIUMCONST    	0000	0000	0
		_LCD_LINE4_ADDR		MEDIUMCONST    	0000	0000	0
		_keys          		MEDIUMCONST    	FE7B	0000	18
		__initialization		CODE           	1908	0000	25
		_LCD_SIZE_VERT 		MEDIUMCONST    	FE94	0000	2
		_LCD_SIZE_HORZ 		MEDIUMCONST    	FE95	0000	2
		_happynewyear  		MEDIUMCONST    	FE8C	0000	8

shared estimated size: 57

C:\Program Files (x86)\Microchip\xc8\v2.05\pic\sources\c99\common\isalpha.c
		_isalpha       		CODE           	17BE	0000	53

C:\Program Files (x86)\Microchip\xc8\v2.05\pic\sources\c99\common\isalpha.c estimated size: 53

C:\Program Files (x86)\Microchip\xc8\v2.05\pic\sources\c99\common\Umul16.c
		___wmul        		CODE           	1954	0000	39

C:\Program Files (x86)\Microchip\xc8\v2.05\pic\sources\c99\common\Umul16.c estimated size: 39

C:\Program Files (x86)\Microchip\xc8\v2.05\pic\sources\c99\common\atoi.c
		_atoi          		CODE           	0F02	0000	321

C:\Program Files (x86)\Microchip\xc8\v2.05\pic\sources\c99\common\atoi.c estimated size: 321

./standby.h
		_scrRunning    		CODE           	1166	0000	207
		_showTime      		CODE           	0DBC	0000	327
		_scrDoneGen    		CODE           	1444	0000	111
		_scrDoneMain   		CODE           	164E	0000	91
		_scrDonePoleDet		CODE           	0AB2	0000	451

./standby.h estimated size: 1187

lcd.c
		_send_byte     		CODE           	19B4	0000	19
		_putch         		CODE           	19EA	0000	13
		_lcdInst       		CODE           	19F6	0000	13
		_send_nibble   		CODE           	199E	0000	23
		_pulse_e       		CODE           	18DE	0000	43
		_initLCD       		CODE           	151E	0000	107

lcd.c estimated size: 218

C:\Program Files (x86)\Microchip\xc8\v2.05\pic\sources\c99\common\abs.c
		_abs           		CODE           	17F2	0000	51

C:\Program Files (x86)\Microchip\xc8\v2.05\pic\sources\c99\common\abs.c estimated size: 51

C:\Program Files (x86)\Microchip\xc8\v2.05\pic\sources\c99\common\nf_fputs.c
		_fputs         		CODE           	1786	0000	57

C:\Program Files (x86)\Microchip\xc8\v2.05\pic\sources\c99\common\nf_fputs.c estimated size: 57

main.c
		_main          		CODE           	03C2	0000	635
		_interruptHandler		CODE           	0008	0000	25

main.c estimated size: 660

./getTime.h
		_getTime       		CODE           	1588	0000	107

./getTime.h estimated size: 107

C:\Program Files (x86)\Microchip\xc8\v2.05\pic\sources\c99\common\isdigit.c
		_isdigit       		CODE           	1884	0000	49

C:\Program Files (x86)\Microchip\xc8\v2.05\pic\sources\c99\common\isdigit.c estimated size: 49

C:\Program Files (x86)\Microchip\xc8\v2.05\pic\sources\c99\common\aomod.c
		___aomod       		CODE           	1042	0000	293

C:\Program Files (x86)\Microchip\xc8\v2.05\pic\sources\c99\common\aomod.c estimated size: 293

